--------------------------------------------------------------------------
WARNING: There was an error initializing an OpenFabrics device.

  Local host:   rdcn30
  Local device: mlx5_0
--------------------------------------------------------------------------
[rdcn30:1961649] 95 more processes have sent help message help-mpi-btl-openib.txt / error in device init
[rdcn30:1961649] Set MCA parameter "orte_base_help_aggregate" to 0 to see all help / error messages
--------------------------------------------------------------------------
WARNING: There was an error initializing an OpenFabrics device.

  Local host:   rdcn31
  Local device: mlx5_0
--------------------------------------------------------------------------
[rdcn30:1961859] 95 more processes have sent help message help-mpi-btl-openib.txt / error in device init
[rdcn30:1961859] Set MCA parameter "orte_base_help_aggregate" to 0 to see all help / error messages
--------------------------------------------------------------------------
WARNING: There was an error initializing an OpenFabrics device.

  Local host:   rdcn31
  Local device: mlx5_0
--------------------------------------------------------------------------
[rdcn30:1962066] 95 more processes have sent help message help-mpi-btl-openib.txt / error in device init
[rdcn30:1962066] Set MCA parameter "orte_base_help_aggregate" to 0 to see all help / error messages
--------------------------------------------------------------------------
WARNING: There was an error initializing an OpenFabrics device.

  Local host:   rdcn30
  Local device: mlx5_0
--------------------------------------------------------------------------
[rdcn30:1962272] 95 more processes have sent help message help-mpi-btl-openib.txt / error in device init
[rdcn30:1962272] Set MCA parameter "orte_base_help_aggregate" to 0 to see all help / error messages
--------------------------------------------------------------------------
WARNING: There was an error initializing an OpenFabrics device.

  Local host:   rdcn30
  Local device: mlx5_0
--------------------------------------------------------------------------
[rdcn30:1962478] 95 more processes have sent help message help-mpi-btl-openib.txt / error in device init
[rdcn30:1962478] Set MCA parameter "orte_base_help_aggregate" to 0 to see all help / error messages
--------------------------------------------------------------------------
WARNING: There was an error initializing an OpenFabrics device.

  Local host:   rdcn31
  Local device: mlx5_0
--------------------------------------------------------------------------
[rdcn30:1962684] 95 more processes have sent help message help-mpi-btl-openib.txt / error in device init
[rdcn30:1962684] Set MCA parameter "orte_base_help_aggregate" to 0 to see all help / error messages
--------------------------------------------------------------------------
WARNING: There was an error initializing an OpenFabrics device.

  Local host:   rdcn30
  Local device: mlx5_0
--------------------------------------------------------------------------
[rdcn30:1962890] 95 more processes have sent help message help-mpi-btl-openib.txt / error in device init
[rdcn30:1962890] Set MCA parameter "orte_base_help_aggregate" to 0 to see all help / error messages
--------------------------------------------------------------------------
WARNING: There was an error initializing an OpenFabrics device.

  Local host:   rdcn30
  Local device: mlx5_0
--------------------------------------------------------------------------
[rdcn30:1963096] 95 more processes have sent help message help-mpi-btl-openib.txt / error in device init
[rdcn30:1963096] Set MCA parameter "orte_base_help_aggregate" to 0 to see all help / error messages
--------------------------------------------------------------------------
WARNING: There was an error initializing an OpenFabrics device.

  Local host:   rdcn30
  Local device: mlx5_0
--------------------------------------------------------------------------
[rdcn30:1963303] 95 more processes have sent help message help-mpi-btl-openib.txt / error in device init
[rdcn30:1963303] Set MCA parameter "orte_base_help_aggregate" to 0 to see all help / error messages
--------------------------------------------------------------------------
WARNING: There was an error initializing an OpenFabrics device.

  Local host:   rdcn30
  Local device: mlx5_0
--------------------------------------------------------------------------
[rdcn30:1963509] [[7694,0],0] ORTE_ERROR_LOG: Data unpack had inadequate space in file util/show_help.c at line 507
[rdcn30:1963509] 94 more processes have sent help message help-mpi-btl-openib.txt / error in device init
[rdcn30:1963509] Set MCA parameter "orte_base_help_aggregate" to 0 to see all help / error messages
