==========================================
SLURM_CLUSTER_NAME = paramrudra
SLURM_ARRAY_JOB_ID = 
SLURM_ARRAY_TASK_ID = 
SLURM_ARRAY_TASK_COUNT = 
SLURM_ARRAY_TASK_MAX = 
SLURM_ARRAY_TASK_MIN = 
SLURM_JOB_ACCOUNT = iitk
SLURM_JOB_ID = 19298
SLURM_JOB_NAME = bench_P48
SLURM_JOB_NODELIST = rdcn27
SLURM_JOB_USER = iitk_21
SLURM_JOB_UID = 55322
SLURM_JOB_PARTITION = cpu
SLURM_TASK_PID = 1738989
SLURM_SUBMIT_DIR = /home/iitk_21/bekar_chole_wale/Assignment-2
SLURM_CPUS_ON_NODE = 48
SLURM_NTASKS = 48
SLURM_TASK_PID = 1738989
==========================================
==========================================
Starting Experiment for P=48
Node Allocation: 1 nodes
==========================================
Iteration 1 of 5...
  [P=48][Grid=120] Running...
2354961 2356491 
770073 770667 
655811 656161 
643315 643237 
640745 640797 
0.379231
  [P=48][Grid=240] Running...
36777604 36767109 
17068824 17073540 
11115455 11113403 
8541365 8540693 
7193823 7189518 
3.180118
Iteration 2 of 5...
  [P=48][Grid=120] Running...
2354961 2356491 
770073 770667 
655811 656161 
643315 643237 
640745 640797 
0.397794
  [P=48][Grid=240] Running...
36777604 36767109 
17068824 17073540 
11115455 11113403 
8541365 8540693 
7193823 7189518 
3.191334
Iteration 3 of 5...
  [P=48][Grid=120] Running...
2354961 2356491 
770073 770667 
655811 656161 
643315 643237 
640745 640797 
0.378046
  [P=48][Grid=240] Running...
36777604 36767109 
17068824 17073540 
11115455 11113403 
8541365 8540693 
7193823 7189518 
3.198122
Iteration 4 of 5...
  [P=48][Grid=120] Running...
2354961 2356491 
770073 770667 
655811 656161 
643315 643237 
640745 640797 
0.378578
  [P=48][Grid=240] Running...
36777604 36767109 
17068824 17073540 
11115455 11113403 
8541365 8540693 
7193823 7189518 
3.199008
Iteration 5 of 5...
  [P=48][Grid=120] Running...
2354961 2356491 
770073 770667 
655811 656161 
643315 643237 
640745 640797 
0.378808
  [P=48][Grid=240] Running...
36777604 36767109 
17068824 17073540 
11115455 11113403 
8541365 8540693 
7193823 7189518 
3.218848
Experiment P=48 Complete.
