==========================================
SLURM_CLUSTER_NAME = paramrudra
SLURM_ARRAY_JOB_ID = 
SLURM_ARRAY_TASK_ID = 
SLURM_ARRAY_TASK_COUNT = 
SLURM_ARRAY_TASK_MAX = 
SLURM_ARRAY_TASK_MIN = 
SLURM_JOB_ACCOUNT = iitk
SLURM_JOB_ID = 19297
SLURM_JOB_NAME = bench_P32
SLURM_JOB_NODELIST = rdcn25
SLURM_JOB_USER = iitk_21
SLURM_JOB_UID = 55322
SLURM_JOB_PARTITION = cpu
SLURM_TASK_PID = 3390928
SLURM_SUBMIT_DIR = /home/iitk_21/bekar_chole_wale/Assignment-2
SLURM_CPUS_ON_NODE = 32
SLURM_NTASKS = 32
SLURM_TASK_PID = 3390928
==========================================
==========================================
Starting Experiment for P=32
Node Allocation: 1 nodes
==========================================
Iteration 1 of 5...
  [P=32][Grid=120] Running...
1669600 1671097 
586185 587642 
480203 480554 
467703 467610 
465113 465169 
0.377459
  [P=32][Grid=240] Running...
33996297 33985387 
16120972 16118813 
10417792 10415890 
7787684 7786993 
6435728 6429689 
3.236337
Iteration 2 of 5...
  [P=32][Grid=120] Running...
1669600 1671097 
586185 587642 
480203 480554 
467703 467610 
465113 465169 
0.378812
  [P=32][Grid=240] Running...
33996297 33985387 
16120972 16118813 
10417792 10415890 
7787684 7786993 
6435728 6429689 
3.251952
Iteration 3 of 5...
  [P=32][Grid=120] Running...
1669600 1671097 
586185 587642 
480203 480554 
467703 467610 
465113 465169 
0.379009
  [P=32][Grid=240] Running...
33996297 33985387 
16120972 16118813 
10417792 10415890 
7787684 7786993 
6435728 6429689 
3.247055
Iteration 4 of 5...
  [P=32][Grid=120] Running...
1669600 1671097 
586185 587642 
480203 480554 
467703 467610 
465113 465169 
0.379451
  [P=32][Grid=240] Running...
33996297 33985387 
16120972 16118813 
10417792 10415890 
7787684 7786993 
6435728 6429689 
3.249166
Iteration 5 of 5...
  [P=32][Grid=120] Running...
1669600 1671097 
586185 587642 
480203 480554 
467703 467610 
465113 465169 
0.378167
  [P=32][Grid=240] Running...
33996297 33985387 
16120972 16118813 
10417792 10415890 
7787684 7786993 
6435728 6429689 
3.247561
Experiment P=32 Complete.
