--------------------------------------------------------------------------
WARNING: There was an error initializing an OpenFabrics device.

  Local host:   rdcn25
  Local device: mlx5_0
--------------------------------------------------------------------------
[rdcn25:3390951] 31 more processes have sent help message help-mpi-btl-openib.txt / error in device init
[rdcn25:3390951] Set MCA parameter "orte_base_help_aggregate" to 0 to see all help / error messages
--------------------------------------------------------------------------
WARNING: There was an error initializing an OpenFabrics device.

  Local host:   rdcn25
  Local device: mlx5_0
--------------------------------------------------------------------------
[rdcn25:3391089] 31 more processes have sent help message help-mpi-btl-openib.txt / error in device init
[rdcn25:3391089] Set MCA parameter "orte_base_help_aggregate" to 0 to see all help / error messages
--------------------------------------------------------------------------
WARNING: There was an error initializing an OpenFabrics device.

  Local host:   rdcn25
  Local device: mlx5_0
--------------------------------------------------------------------------
[rdcn25:3391225] 31 more processes have sent help message help-mpi-btl-openib.txt / error in device init
[rdcn25:3391225] Set MCA parameter "orte_base_help_aggregate" to 0 to see all help / error messages
--------------------------------------------------------------------------
WARNING: There was an error initializing an OpenFabrics device.

  Local host:   rdcn25
  Local device: mlx5_0
--------------------------------------------------------------------------
[rdcn25:3391361] 31 more processes have sent help message help-mpi-btl-openib.txt / error in device init
[rdcn25:3391361] Set MCA parameter "orte_base_help_aggregate" to 0 to see all help / error messages
--------------------------------------------------------------------------
WARNING: There was an error initializing an OpenFabrics device.

  Local host:   rdcn25
  Local device: mlx5_0
--------------------------------------------------------------------------
[rdcn25:3391497] 31 more processes have sent help message help-mpi-btl-openib.txt / error in device init
[rdcn25:3391497] Set MCA parameter "orte_base_help_aggregate" to 0 to see all help / error messages
--------------------------------------------------------------------------
WARNING: There was an error initializing an OpenFabrics device.

  Local host:   rdcn25
  Local device: mlx5_0
--------------------------------------------------------------------------
[rdcn25:3391634] 31 more processes have sent help message help-mpi-btl-openib.txt / error in device init
[rdcn25:3391634] Set MCA parameter "orte_base_help_aggregate" to 0 to see all help / error messages
--------------------------------------------------------------------------
WARNING: There was an error initializing an OpenFabrics device.

  Local host:   rdcn25
  Local device: mlx5_0
--------------------------------------------------------------------------
[rdcn25:3391770] 31 more processes have sent help message help-mpi-btl-openib.txt / error in device init
[rdcn25:3391770] Set MCA parameter "orte_base_help_aggregate" to 0 to see all help / error messages
--------------------------------------------------------------------------
WARNING: There was an error initializing an OpenFabrics device.

  Local host:   rdcn25
  Local device: mlx5_0
--------------------------------------------------------------------------
[rdcn25:3391906] 31 more processes have sent help message help-mpi-btl-openib.txt / error in device init
[rdcn25:3391906] Set MCA parameter "orte_base_help_aggregate" to 0 to see all help / error messages
--------------------------------------------------------------------------
WARNING: There was an error initializing an OpenFabrics device.

  Local host:   rdcn25
  Local device: mlx5_0
--------------------------------------------------------------------------
[rdcn25:3392044] 31 more processes have sent help message help-mpi-btl-openib.txt / error in device init
[rdcn25:3392044] Set MCA parameter "orte_base_help_aggregate" to 0 to see all help / error messages
--------------------------------------------------------------------------
WARNING: There was an error initializing an OpenFabrics device.

  Local host:   rdcn25
  Local device: mlx5_0
--------------------------------------------------------------------------
[rdcn25:3392180] 31 more processes have sent help message help-mpi-btl-openib.txt / error in device init
[rdcn25:3392180] Set MCA parameter "orte_base_help_aggregate" to 0 to see all help / error messages
