--------------------------------------------------------------------------
WARNING: There was an error initializing an OpenFabrics device.

  Local host:   rdcn27
  Local device: mlx5_0
--------------------------------------------------------------------------
[rdcn27:1739012] 47 more processes have sent help message help-mpi-btl-openib.txt / error in device init
[rdcn27:1739012] Set MCA parameter "orte_base_help_aggregate" to 0 to see all help / error messages
--------------------------------------------------------------------------
WARNING: There was an error initializing an OpenFabrics device.

  Local host:   rdcn27
  Local device: mlx5_0
--------------------------------------------------------------------------
[rdcn27:1739213] 47 more processes have sent help message help-mpi-btl-openib.txt / error in device init
[rdcn27:1739213] Set MCA parameter "orte_base_help_aggregate" to 0 to see all help / error messages
--------------------------------------------------------------------------
WARNING: There was an error initializing an OpenFabrics device.

  Local host:   rdcn27
  Local device: mlx5_0
--------------------------------------------------------------------------
[rdcn27:1739413] 47 more processes have sent help message help-mpi-btl-openib.txt / error in device init
[rdcn27:1739413] Set MCA parameter "orte_base_help_aggregate" to 0 to see all help / error messages
--------------------------------------------------------------------------
WARNING: There was an error initializing an OpenFabrics device.

  Local host:   rdcn27
  Local device: mlx5_0
--------------------------------------------------------------------------
[rdcn27:1739613] 47 more processes have sent help message help-mpi-btl-openib.txt / error in device init
[rdcn27:1739613] Set MCA parameter "orte_base_help_aggregate" to 0 to see all help / error messages
--------------------------------------------------------------------------
WARNING: There was an error initializing an OpenFabrics device.

  Local host:   rdcn27
  Local device: mlx5_0
--------------------------------------------------------------------------
[rdcn27:1739814] 47 more processes have sent help message help-mpi-btl-openib.txt / error in device init
[rdcn27:1739814] Set MCA parameter "orte_base_help_aggregate" to 0 to see all help / error messages
--------------------------------------------------------------------------
WARNING: There was an error initializing an OpenFabrics device.

  Local host:   rdcn27
  Local device: mlx5_0
--------------------------------------------------------------------------
[rdcn27:1740014] 47 more processes have sent help message help-mpi-btl-openib.txt / error in device init
[rdcn27:1740014] Set MCA parameter "orte_base_help_aggregate" to 0 to see all help / error messages
--------------------------------------------------------------------------
WARNING: There was an error initializing an OpenFabrics device.

  Local host:   rdcn27
  Local device: mlx5_0
--------------------------------------------------------------------------
[rdcn27:1740215] [[38315,0],0] ORTE_ERROR_LOG: Out of resource in file util/show_help.c at line 501
[rdcn27:1740215] 46 more processes have sent help message help-mpi-btl-openib.txt / error in device init
[rdcn27:1740215] Set MCA parameter "orte_base_help_aggregate" to 0 to see all help / error messages
--------------------------------------------------------------------------
WARNING: There was an error initializing an OpenFabrics device.

  Local host:   rdcn27
  Local device: mlx5_0
--------------------------------------------------------------------------
[rdcn27:1740415] 47 more processes have sent help message help-mpi-btl-openib.txt / error in device init
[rdcn27:1740415] Set MCA parameter "orte_base_help_aggregate" to 0 to see all help / error messages
--------------------------------------------------------------------------
WARNING: There was an error initializing an OpenFabrics device.

  Local host:   rdcn27
  Local device: mlx5_0
--------------------------------------------------------------------------
[rdcn27:1740615] 47 more processes have sent help message help-mpi-btl-openib.txt / error in device init
[rdcn27:1740615] Set MCA parameter "orte_base_help_aggregate" to 0 to see all help / error messages
--------------------------------------------------------------------------
WARNING: There was an error initializing an OpenFabrics device.

  Local host:   rdcn27
  Local device: mlx5_0
--------------------------------------------------------------------------
[rdcn27:1740816] 47 more processes have sent help message help-mpi-btl-openib.txt / error in device init
[rdcn27:1740816] Set MCA parameter "orte_base_help_aggregate" to 0 to see all help / error messages
