==========================================
SLURM_CLUSTER_NAME = paramrudra
SLURM_ARRAY_JOB_ID = 
SLURM_ARRAY_TASK_ID = 
SLURM_ARRAY_TASK_COUNT = 
SLURM_ARRAY_TASK_MAX = 
SLURM_ARRAY_TASK_MIN = 
SLURM_JOB_ACCOUNT = iitk
SLURM_JOB_ID = 19083
SLURM_JOB_NAME = bench_P96
SLURM_JOB_NODELIST = rdcn[30-31]
SLURM_JOB_USER = iitk_21
SLURM_JOB_UID = 55322
SLURM_JOB_PARTITION = cpu
SLURM_TASK_PID = 1900687
SLURM_SUBMIT_DIR = /home/iitk_21/bekar_chole_wale/Assignment-2
SLURM_CPUS_ON_NODE = 48
SLURM_NTASKS = 96
SLURM_TASK_PID = 1900687
==========================================
==========================================
Starting Experiment for P=96
Node Allocation: 2 nodes
==========================================
Iteration 1 of 5...
  [P=96][Grid=120] Running...
13599363 13623869 
1242626 1244348 
1014094 1015828 
963488 963509 
952801 952382 
0.280553
  [P=96][Grid=240] Running...
407500047 407608210 
32761285 32750025 
17225622 17214286 
12296799 12292353 
9768367 9765298 
2.591766
Iteration 2 of 5...
  [P=96][Grid=120] Running...
13599363 13623869 
1242626 1244348 
1014094 1015828 
963488 963509 
952801 952382 
0.281422
  [P=96][Grid=240] Running...
407500047 407608210 
32761285 32750025 
17225622 17214286 
12296799 12292353 
9768367 9765298 
2.593263
Iteration 3 of 5...
  [P=96][Grid=120] Running...
13599363 13623869 
1242626 1244348 
1014094 1015828 
963488 963509 
952801 952382 
0.284552
  [P=96][Grid=240] Running...
407500047 407608210 
32761285 32750025 
17225622 17214286 
12296799 12292353 
9768367 9765298 
2.609695
Iteration 4 of 5...
  [P=96][Grid=120] Running...
13599363 13623869 
1242626 1244348 
1014094 1015828 
963488 963509 
952801 952382 
0.294608
  [P=96][Grid=240] Running...
407500047 407608210 
32761285 32750025 
17225622 17214286 
12296799 12292353 
9768367 9765298 
2.593656
Iteration 5 of 5...
  [P=96][Grid=120] Running...
13599363 13623869 
1242626 1244348 
1014094 1015828 
963488 963509 
952801 952382 
0.283627
  [P=96][Grid=240] Running...
407500047 407608210 
32761285 32750025 
17225622 17214286 
12296799 12292353 
9768367 9765298 
2.610169
Experiment P=96 Complete.
