==========================================
SLURM_CLUSTER_NAME = paramrudra
SLURM_ARRAY_JOB_ID = 
SLURM_ARRAY_TASK_ID = 
SLURM_ARRAY_TASK_COUNT = 
SLURM_ARRAY_TASK_MAX = 
SLURM_ARRAY_TASK_MIN = 
SLURM_JOB_ACCOUNT = iitk
SLURM_JOB_ID = 19077
SLURM_JOB_NAME = bench_P32
SLURM_JOB_NODELIST = rdcn25
SLURM_JOB_USER = iitk_21
SLURM_JOB_UID = 55322
SLURM_JOB_PARTITION = cpu
SLURM_TASK_PID = 3356318
SLURM_SUBMIT_DIR = /home/iitk_21/bekar_chole_wale/Assignment-2
SLURM_CPUS_ON_NODE = 32
SLURM_NTASKS = 32
SLURM_TASK_PID = 3356318
==========================================
==========================================
Starting Experiment for P=32
Node Allocation: 1 nodes
==========================================
Iteration 1 of 5...
  [P=32][Grid=120] Running...
9766815 9792141 
766850 768459 
538099 539855 
487477 487519 
476836 476395 
0.270042
  [P=32][Grid=240] Running...
233748605 233768396 
30849011 30836034 
15312829 15301184 
10392252 10389570 
7809277 7806967 
2.605316
Iteration 2 of 5...
  [P=32][Grid=120] Running...
9766815 9792141 
766850 768459 
538099 539855 
487477 487519 
476836 476395 
0.270108
  [P=32][Grid=240] Running...
233748605 233768396 
30849011 30836034 
15312829 15301184 
10392252 10389570 
7809277 7806967 
2.626615
Iteration 3 of 5...
  [P=32][Grid=120] Running...
9766815 9792141 
766850 768459 
538099 539855 
487477 487519 
476836 476395 
0.271105
  [P=32][Grid=240] Running...
233748605 233768396 
30849011 30836034 
15312829 15301184 
10392252 10389570 
7809277 7806967 
2.628897
Iteration 4 of 5...
  [P=32][Grid=120] Running...
9766815 9792141 
766850 768459 
538099 539855 
487477 487519 
476836 476395 
0.274460
  [P=32][Grid=240] Running...
233748605 233768396 
30849011 30836034 
15312829 15301184 
10392252 10389570 
7809277 7806967 
2.633198
Iteration 5 of 5...
  [P=32][Grid=120] Running...
9766815 9792141 
766850 768459 
538099 539855 
487477 487519 
476836 476395 
0.272316
  [P=32][Grid=240] Running...
233748605 233768396 
30849011 30836034 
15312829 15301184 
10392252 10389570 
7809277 7806967 
2.627711
Experiment P=32 Complete.
