--------------------------------------------------------------------------
WARNING: There was an error initializing an OpenFabrics device.

  Local host:   rdcn30
  Local device: mlx5_0
--------------------------------------------------------------------------
[rdcn30:1900710] 95 more processes have sent help message help-mpi-btl-openib.txt / error in device init
[rdcn30:1900710] Set MCA parameter "orte_base_help_aggregate" to 0 to see all help / error messages
--------------------------------------------------------------------------
WARNING: There was an error initializing an OpenFabrics device.

  Local host:   rdcn31
  Local device: mlx5_0
--------------------------------------------------------------------------
[rdcn30:1900917] 95 more processes have sent help message help-mpi-btl-openib.txt / error in device init
[rdcn30:1900917] Set MCA parameter "orte_base_help_aggregate" to 0 to see all help / error messages
--------------------------------------------------------------------------
WARNING: There was an error initializing an OpenFabrics device.

  Local host:   rdcn30
  Local device: mlx5_0
--------------------------------------------------------------------------
[rdcn30:1901126] 95 more processes have sent help message help-mpi-btl-openib.txt / error in device init
[rdcn30:1901126] Set MCA parameter "orte_base_help_aggregate" to 0 to see all help / error messages
--------------------------------------------------------------------------
WARNING: There was an error initializing an OpenFabrics device.

  Local host:   rdcn30
  Local device: mlx5_0
--------------------------------------------------------------------------
[rdcn30:1901332] 95 more processes have sent help message help-mpi-btl-openib.txt / error in device init
[rdcn30:1901332] Set MCA parameter "orte_base_help_aggregate" to 0 to see all help / error messages
--------------------------------------------------------------------------
WARNING: There was an error initializing an OpenFabrics device.

  Local host:   rdcn30
  Local device: mlx5_0
--------------------------------------------------------------------------
[rdcn30:1901538] 95 more processes have sent help message help-mpi-btl-openib.txt / error in device init
[rdcn30:1901538] Set MCA parameter "orte_base_help_aggregate" to 0 to see all help / error messages
--------------------------------------------------------------------------
WARNING: There was an error initializing an OpenFabrics device.

  Local host:   rdcn30
  Local device: mlx5_0
--------------------------------------------------------------------------
[rdcn30:1901744] 95 more processes have sent help message help-mpi-btl-openib.txt / error in device init
[rdcn30:1901744] Set MCA parameter "orte_base_help_aggregate" to 0 to see all help / error messages
--------------------------------------------------------------------------
WARNING: There was an error initializing an OpenFabrics device.

  Local host:   rdcn30
  Local device: mlx5_0
--------------------------------------------------------------------------
[rdcn30:1901950] 95 more processes have sent help message help-mpi-btl-openib.txt / error in device init
[rdcn30:1901950] Set MCA parameter "orte_base_help_aggregate" to 0 to see all help / error messages
--------------------------------------------------------------------------
WARNING: There was an error initializing an OpenFabrics device.

  Local host:   rdcn31
  Local device: mlx5_0
--------------------------------------------------------------------------
[rdcn30:1902156] 95 more processes have sent help message help-mpi-btl-openib.txt / error in device init
[rdcn30:1902156] Set MCA parameter "orte_base_help_aggregate" to 0 to see all help / error messages
--------------------------------------------------------------------------
WARNING: There was an error initializing an OpenFabrics device.

  Local host:   rdcn30
  Local device: mlx5_0
--------------------------------------------------------------------------
[rdcn30:1902364] 95 more processes have sent help message help-mpi-btl-openib.txt / error in device init
[rdcn30:1902364] Set MCA parameter "orte_base_help_aggregate" to 0 to see all help / error messages
--------------------------------------------------------------------------
WARNING: There was an error initializing an OpenFabrics device.

  Local host:   rdcn30
  Local device: mlx5_0
--------------------------------------------------------------------------
[rdcn30:1902570] 95 more processes have sent help message help-mpi-btl-openib.txt / error in device init
[rdcn30:1902570] Set MCA parameter "orte_base_help_aggregate" to 0 to see all help / error messages
