==========================================
SLURM_CLUSTER_NAME = paramrudra
SLURM_ARRAY_JOB_ID = 
SLURM_ARRAY_TASK_ID = 
SLURM_ARRAY_TASK_COUNT = 
SLURM_ARRAY_TASK_MAX = 
SLURM_ARRAY_TASK_MIN = 
SLURM_JOB_ACCOUNT = iitk
SLURM_JOB_ID = 19081
SLURM_JOB_NAME = bench_P64
SLURM_JOB_NODELIST = rdcn[32-33]
SLURM_JOB_USER = iitk_21
SLURM_JOB_UID = 55322
SLURM_JOB_PARTITION = cpu
SLURM_TASK_PID = 1322503
SLURM_SUBMIT_DIR = /home/iitk_21/bekar_chole_wale/Assignment-2
SLURM_CPUS_ON_NODE = 32
SLURM_NTASKS = 64
SLURM_TASK_PID = 1322503
==========================================
==========================================
Starting Experiment for P=64
Node Allocation: 2 nodes
==========================================
Iteration 1 of 5...
  [P=64][Grid=120] Running...
12110816 12130193 
1004882 1006491 
776131 777887 
725509 725551 
714868 714427 
0.276161
  [P=64][Grid=240] Running...
340161269 340216393 
31779930 31767417 
16249631 16237940 
11329029 11326290 
8745656 8743265 
2.596501
Iteration 2 of 5...
  [P=64][Grid=120] Running...
12110816 12130193 
1004882 1006491 
776131 777887 
725509 725551 
714868 714427 
0.277009
  [P=64][Grid=240] Running...
340161269 340216393 
31779930 31767417 
16249631 16237940 
11329029 11326290 
8745656 8743265 
2.593088
Iteration 3 of 5...
  [P=64][Grid=120] Running...
12110816 12130193 
1004882 1006491 
776131 777887 
725509 725551 
714868 714427 
0.276510
  [P=64][Grid=240] Running...
340161269 340216393 
31779930 31767417 
16249631 16237940 
11329029 11326290 
8745656 8743265 
2.592997
Iteration 4 of 5...
  [P=64][Grid=120] Running...
12110816 12130193 
1004882 1006491 
776131 777887 
725509 725551 
714868 714427 
0.276290
  [P=64][Grid=240] Running...
340161269 340216393 
31779930 31767417 
16249631 16237940 
11329029 11326290 
8745656 8743265 
2.599319
Iteration 5 of 5...
  [P=64][Grid=120] Running...
12110816 12130193 
1004882 1006491 
776131 777887 
725509 725551 
714868 714427 
0.276326
  [P=64][Grid=240] Running...
340161269 340216393 
31779930 31767417 
16249631 16237940 
11329029 11326290 
8745656 8743265 
2.597078
Experiment P=64 Complete.
