--------------------------------------------------------------------------
WARNING: There was an error initializing an OpenFabrics device.

  Local host:   rdcn27
  Local device: mlx5_0
--------------------------------------------------------------------------
[rdcn27:1696733] 47 more processes have sent help message help-mpi-btl-openib.txt / error in device init
[rdcn27:1696733] Set MCA parameter "orte_base_help_aggregate" to 0 to see all help / error messages
--------------------------------------------------------------------------
WARNING: There was an error initializing an OpenFabrics device.

  Local host:   rdcn27
  Local device: mlx5_0
--------------------------------------------------------------------------
[rdcn27:1696933] 47 more processes have sent help message help-mpi-btl-openib.txt / error in device init
[rdcn27:1696933] Set MCA parameter "orte_base_help_aggregate" to 0 to see all help / error messages
--------------------------------------------------------------------------
WARNING: There was an error initializing an OpenFabrics device.

  Local host:   rdcn27
  Local device: mlx5_0
--------------------------------------------------------------------------
[rdcn27:1697135] 47 more processes have sent help message help-mpi-btl-openib.txt / error in device init
[rdcn27:1697135] Set MCA parameter "orte_base_help_aggregate" to 0 to see all help / error messages
--------------------------------------------------------------------------
WARNING: There was an error initializing an OpenFabrics device.

  Local host:   rdcn27
  Local device: mlx5_0
--------------------------------------------------------------------------
[rdcn27:1697335] 47 more processes have sent help message help-mpi-btl-openib.txt / error in device init
[rdcn27:1697335] Set MCA parameter "orte_base_help_aggregate" to 0 to see all help / error messages
--------------------------------------------------------------------------
WARNING: There was an error initializing an OpenFabrics device.

  Local host:   rdcn27
  Local device: mlx5_0
--------------------------------------------------------------------------
[rdcn27:1697535] 47 more processes have sent help message help-mpi-btl-openib.txt / error in device init
[rdcn27:1697535] Set MCA parameter "orte_base_help_aggregate" to 0 to see all help / error messages
--------------------------------------------------------------------------
WARNING: There was an error initializing an OpenFabrics device.

  Local host:   rdcn27
  Local device: mlx5_0
--------------------------------------------------------------------------
[rdcn27:1697735] 47 more processes have sent help message help-mpi-btl-openib.txt / error in device init
[rdcn27:1697735] Set MCA parameter "orte_base_help_aggregate" to 0 to see all help / error messages
--------------------------------------------------------------------------
WARNING: There was an error initializing an OpenFabrics device.

  Local host:   rdcn27
  Local device: mlx5_0
--------------------------------------------------------------------------
[rdcn27:1697935] 47 more processes have sent help message help-mpi-btl-openib.txt / error in device init
[rdcn27:1697935] Set MCA parameter "orte_base_help_aggregate" to 0 to see all help / error messages
--------------------------------------------------------------------------
WARNING: There was an error initializing an OpenFabrics device.

  Local host:   rdcn27
  Local device: mlx5_0
--------------------------------------------------------------------------
[rdcn27:1698135] 47 more processes have sent help message help-mpi-btl-openib.txt / error in device init
[rdcn27:1698135] Set MCA parameter "orte_base_help_aggregate" to 0 to see all help / error messages
--------------------------------------------------------------------------
WARNING: There was an error initializing an OpenFabrics device.

  Local host:   rdcn27
  Local device: mlx5_0
--------------------------------------------------------------------------
[rdcn27:1698335] 47 more processes have sent help message help-mpi-btl-openib.txt / error in device init
[rdcn27:1698335] Set MCA parameter "orte_base_help_aggregate" to 0 to see all help / error messages
--------------------------------------------------------------------------
WARNING: There was an error initializing an OpenFabrics device.

  Local host:   rdcn27
  Local device: mlx5_0
--------------------------------------------------------------------------
[rdcn27:1698535] 47 more processes have sent help message help-mpi-btl-openib.txt / error in device init
[rdcn27:1698535] Set MCA parameter "orte_base_help_aggregate" to 0 to see all help / error messages
