--------------------------------------------------------------------------
WARNING: There was an error initializing an OpenFabrics device.

  Local host:   rdcn32
  Local device: mlx5_0
--------------------------------------------------------------------------
[rdcn32:1322527] 63 more processes have sent help message help-mpi-btl-openib.txt / error in device init
[rdcn32:1322527] Set MCA parameter "orte_base_help_aggregate" to 0 to see all help / error messages
--------------------------------------------------------------------------
WARNING: There was an error initializing an OpenFabrics device.

  Local host:   rdcn32
  Local device: mlx5_0
--------------------------------------------------------------------------
[rdcn32:1322670] 63 more processes have sent help message help-mpi-btl-openib.txt / error in device init
[rdcn32:1322670] Set MCA parameter "orte_base_help_aggregate" to 0 to see all help / error messages
--------------------------------------------------------------------------
WARNING: There was an error initializing an OpenFabrics device.

  Local host:   rdcn32
  Local device: mlx5_0
--------------------------------------------------------------------------
[rdcn32:1322812] 63 more processes have sent help message help-mpi-btl-openib.txt / error in device init
[rdcn32:1322812] Set MCA parameter "orte_base_help_aggregate" to 0 to see all help / error messages
--------------------------------------------------------------------------
WARNING: There was an error initializing an OpenFabrics device.

  Local host:   rdcn32
  Local device: mlx5_0
--------------------------------------------------------------------------
[rdcn32:1322954] 63 more processes have sent help message help-mpi-btl-openib.txt / error in device init
[rdcn32:1322954] Set MCA parameter "orte_base_help_aggregate" to 0 to see all help / error messages
--------------------------------------------------------------------------
WARNING: There was an error initializing an OpenFabrics device.

  Local host:   rdcn32
  Local device: mlx5_0
--------------------------------------------------------------------------
[rdcn32:1323097] 63 more processes have sent help message help-mpi-btl-openib.txt / error in device init
[rdcn32:1323097] Set MCA parameter "orte_base_help_aggregate" to 0 to see all help / error messages
--------------------------------------------------------------------------
WARNING: There was an error initializing an OpenFabrics device.

  Local host:   rdcn32
  Local device: mlx5_0
--------------------------------------------------------------------------
[rdcn32:1323239] 63 more processes have sent help message help-mpi-btl-openib.txt / error in device init
[rdcn32:1323239] Set MCA parameter "orte_base_help_aggregate" to 0 to see all help / error messages
--------------------------------------------------------------------------
WARNING: There was an error initializing an OpenFabrics device.

  Local host:   rdcn32
  Local device: mlx5_0
--------------------------------------------------------------------------
[rdcn32:1323382] 63 more processes have sent help message help-mpi-btl-openib.txt / error in device init
[rdcn32:1323382] Set MCA parameter "orte_base_help_aggregate" to 0 to see all help / error messages
--------------------------------------------------------------------------
WARNING: There was an error initializing an OpenFabrics device.

  Local host:   rdcn32
  Local device: mlx5_0
--------------------------------------------------------------------------
[rdcn32:1323524] 63 more processes have sent help message help-mpi-btl-openib.txt / error in device init
[rdcn32:1323524] Set MCA parameter "orte_base_help_aggregate" to 0 to see all help / error messages
--------------------------------------------------------------------------
WARNING: There was an error initializing an OpenFabrics device.

  Local host:   rdcn32
  Local device: mlx5_0
--------------------------------------------------------------------------
[rdcn32:1323666] 63 more processes have sent help message help-mpi-btl-openib.txt / error in device init
[rdcn32:1323666] Set MCA parameter "orte_base_help_aggregate" to 0 to see all help / error messages
--------------------------------------------------------------------------
WARNING: There was an error initializing an OpenFabrics device.

  Local host:   rdcn32
  Local device: mlx5_0
--------------------------------------------------------------------------
[rdcn32:1323808] 63 more processes have sent help message help-mpi-btl-openib.txt / error in device init
[rdcn32:1323808] Set MCA parameter "orte_base_help_aggregate" to 0 to see all help / error messages
