==========================================
SLURM_CLUSTER_NAME = paramrudra
SLURM_ARRAY_JOB_ID = 
SLURM_ARRAY_TASK_ID = 
SLURM_ARRAY_TASK_COUNT = 
SLURM_ARRAY_TASK_MAX = 
SLURM_ARRAY_TASK_MIN = 
SLURM_JOB_ACCOUNT = iitk
SLURM_JOB_ID = 19274
SLURM_JOB_NAME = bench_P64
SLURM_JOB_NODELIST = rdcn[32-33]
SLURM_JOB_USER = iitk_21
SLURM_JOB_UID = 55322
SLURM_JOB_PARTITION = cpu
SLURM_TASK_PID = 1362246
SLURM_SUBMIT_DIR = /home/iitk_21/bekar_chole_wale/Assignment-2
SLURM_CPUS_ON_NODE = 32
SLURM_NTASKS = 64
SLURM_TASK_PID = 1362246
==========================================
==========================================
Starting Experiment for P=64
Node Allocation: 2 nodes
==========================================
Iteration 1 of 5...
  [P=64][Grid=120] Running...
3040512 3042009 
838254 838819 
718235 718586 
705735 705642 
703145 703201 
0.317164
  [P=64][Grid=240] Running...
39500983 39490188 
17405197 17411931 
11354704 11352802 
8724596 8723905 
7372640 7366601 
2.946865
Iteration 2 of 5...
  [P=64][Grid=120] Running...
3040512 3042009 
838254 838819 
718235 718586 
705735 705642 
703145 703201 
0.320918
  [P=64][Grid=240] Running...
39500983 39490188 
17405197 17411931 
11354704 11352802 
8724596 8723905 
7372640 7366601 
2.944326
Iteration 3 of 5...
  [P=64][Grid=120] Running...
3040512 3042009 
838254 838819 
718235 718586 
705735 705642 
703145 703201 
0.320476
  [P=64][Grid=240] Running...
39500983 39490188 
17405197 17411931 
11354704 11352802 
8724596 8723905 
7372640 7366601 
2.961201
Iteration 4 of 5...
  [P=64][Grid=120] Running...
3040512 3042009 
838254 838819 
718235 718586 
705735 705642 
703145 703201 
0.322193
  [P=64][Grid=240] Running...
39500983 39490188 
17405197 17411931 
11354704 11352802 
8724596 8723905 
7372640 7366601 
2.948325
Iteration 5 of 5...
  [P=64][Grid=120] Running...
3040512 3042009 
838254 838819 
718235 718586 
705735 705642 
703145 703201 
0.326058
  [P=64][Grid=240] Running...
39500983 39490188 
17405197 17411931 
11354704 11352802 
8724596 8723905 
7372640 7366601 
2.960896
Experiment P=64 Complete.
