==========================================
SLURM_CLUSTER_NAME = paramrudra
SLURM_ARRAY_JOB_ID = 
SLURM_ARRAY_TASK_ID = 
SLURM_ARRAY_TASK_COUNT = 
SLURM_ARRAY_TASK_MAX = 
SLURM_ARRAY_TASK_MIN = 
SLURM_JOB_ACCOUNT = iitk
SLURM_JOB_ID = 17025
SLURM_JOB_NAME = bench_P96
SLURM_JOB_NODELIST = rdcn[30-31]
SLURM_JOB_USER = iitk_21
SLURM_JOB_UID = 55322
SLURM_JOB_PARTITION = cpu
SLURM_TASK_PID = 1067759
SLURM_SUBMIT_DIR = /home/iitk_21/bekar_chole_wale/Assignment-2
SLURM_CPUS_ON_NODE = 48
SLURM_NTASKS = 96
SLURM_TASK_PID = 1067759
==========================================
==========================================
Starting Experiment for P=96
Node Allocation: 2 nodes
==========================================
Iteration 1 of 5...
  [P=96][Grid=120] Running...
13599363 13623869 
1242626 1244348 
1014094 1015828 
963488 963509 
952801 952382 
0.300175
  [P=96][Grid=240] Running...
407500047 407608210 
32761285 32750025 
17225622 17214286 
12296799 12292353 
9768367 9765298 
2.892799
Iteration 2 of 5...
  [P=96][Grid=120] Running...
13599363 13623869 
1242626 1244348 
1014094 1015828 
963488 963509 
952801 952382 
0.301355
  [P=96][Grid=240] Running...
407500047 407608210 
32761285 32750025 
17225622 17214286 
12296799 12292353 
9768367 9765298 
2.915100
Iteration 3 of 5...
  [P=96][Grid=120] Running...
13599363 13623869 
1242626 1244348 
1014094 1015828 
963488 963509 
952801 952382 
0.301800
  [P=96][Grid=240] Running...
407500047 407608210 
32761285 32750025 
17225622 17214286 
12296799 12292353 
9768367 9765298 
2.921835
Iteration 4 of 5...
  [P=96][Grid=120] Running...
13599363 13623869 
1242626 1244348 
1014094 1015828 
963488 963509 
952801 952382 
0.302158
  [P=96][Grid=240] Running...
407500047 407608210 
32761285 32750025 
17225622 17214286 
12296799 12292353 
9768367 9765298 
2.918168
Iteration 5 of 5...
  [P=96][Grid=120] Running...
13599363 13623869 
1242626 1244348 
1014094 1015828 
963488 963509 
952801 952382 
0.303249
  [P=96][Grid=240] Running...
407500047 407608210 
32761285 32750025 
17225622 17214286 
12296799 12292353 
9768367 9765298 
2.927722
Experiment P=96 Complete.
