--------------------------------------------------------------------------
WARNING: There was an error initializing an OpenFabrics device.

  Local host:   rdcn30
  Local device: mlx5_0
--------------------------------------------------------------------------
[rdcn30:1952022] 47 more processes have sent help message help-mpi-btl-openib.txt / error in device init
[rdcn30:1952022] Set MCA parameter "orte_base_help_aggregate" to 0 to see all help / error messages
--------------------------------------------------------------------------
WARNING: There was an error initializing an OpenFabrics device.

  Local host:   rdcn30
  Local device: mlx5_0
--------------------------------------------------------------------------
[rdcn30:1952223] 47 more processes have sent help message help-mpi-btl-openib.txt / error in device init
[rdcn30:1952223] Set MCA parameter "orte_base_help_aggregate" to 0 to see all help / error messages
--------------------------------------------------------------------------
WARNING: There was an error initializing an OpenFabrics device.

  Local host:   rdcn30
  Local device: mlx5_0
--------------------------------------------------------------------------
[rdcn30:1952423] 47 more processes have sent help message help-mpi-btl-openib.txt / error in device init
[rdcn30:1952423] Set MCA parameter "orte_base_help_aggregate" to 0 to see all help / error messages
--------------------------------------------------------------------------
WARNING: There was an error initializing an OpenFabrics device.

  Local host:   rdcn30
  Local device: mlx5_0
--------------------------------------------------------------------------
[rdcn30:1952624] 47 more processes have sent help message help-mpi-btl-openib.txt / error in device init
[rdcn30:1952624] Set MCA parameter "orte_base_help_aggregate" to 0 to see all help / error messages
--------------------------------------------------------------------------
WARNING: There was an error initializing an OpenFabrics device.

  Local host:   rdcn30
  Local device: mlx5_0
--------------------------------------------------------------------------
[rdcn30:1952824] 47 more processes have sent help message help-mpi-btl-openib.txt / error in device init
[rdcn30:1952824] Set MCA parameter "orte_base_help_aggregate" to 0 to see all help / error messages
--------------------------------------------------------------------------
WARNING: There was an error initializing an OpenFabrics device.

  Local host:   rdcn30
  Local device: mlx5_0
--------------------------------------------------------------------------
[rdcn30:1953024] 47 more processes have sent help message help-mpi-btl-openib.txt / error in device init
[rdcn30:1953024] Set MCA parameter "orte_base_help_aggregate" to 0 to see all help / error messages
--------------------------------------------------------------------------
WARNING: There was an error initializing an OpenFabrics device.

  Local host:   rdcn30
  Local device: mlx5_0
--------------------------------------------------------------------------
[rdcn30:1953224] 47 more processes have sent help message help-mpi-btl-openib.txt / error in device init
[rdcn30:1953224] Set MCA parameter "orte_base_help_aggregate" to 0 to see all help / error messages
--------------------------------------------------------------------------
WARNING: There was an error initializing an OpenFabrics device.

  Local host:   rdcn30
  Local device: mlx5_0
--------------------------------------------------------------------------
[rdcn30:1953424] 47 more processes have sent help message help-mpi-btl-openib.txt / error in device init
[rdcn30:1953424] Set MCA parameter "orte_base_help_aggregate" to 0 to see all help / error messages
--------------------------------------------------------------------------
WARNING: There was an error initializing an OpenFabrics device.

  Local host:   rdcn30
  Local device: mlx5_0
--------------------------------------------------------------------------
[rdcn30:1953624] 47 more processes have sent help message help-mpi-btl-openib.txt / error in device init
[rdcn30:1953624] Set MCA parameter "orte_base_help_aggregate" to 0 to see all help / error messages
--------------------------------------------------------------------------
WARNING: There was an error initializing an OpenFabrics device.

  Local host:   rdcn30
  Local device: mlx5_0
--------------------------------------------------------------------------
[rdcn30:1953824] 47 more processes have sent help message help-mpi-btl-openib.txt / error in device init
[rdcn30:1953824] Set MCA parameter "orte_base_help_aggregate" to 0 to see all help / error messages
