==========================================
SLURM_CLUSTER_NAME = paramrudra
SLURM_ARRAY_JOB_ID = 
SLURM_ARRAY_TASK_ID = 
SLURM_ARRAY_TASK_COUNT = 
SLURM_ARRAY_TASK_MAX = 
SLURM_ARRAY_TASK_MIN = 
SLURM_JOB_ACCOUNT = iitk
SLURM_JOB_ID = 17023
SLURM_JOB_NAME = bench_P64
SLURM_JOB_NODELIST = rdcn[25-26]
SLURM_JOB_USER = iitk_21
SLURM_JOB_UID = 55322
SLURM_JOB_PARTITION = cpu
SLURM_TASK_PID = 2890009
SLURM_SUBMIT_DIR = /home/iitk_21/bekar_chole_wale/Assignment-2
SLURM_CPUS_ON_NODE = 32
SLURM_NTASKS = 64
SLURM_TASK_PID = 2890009
==========================================
==========================================
Starting Experiment for P=64
Node Allocation: 2 nodes
==========================================
Iteration 1 of 5...
  [P=64][Grid=120] Running...
12110816 12130193 
1004882 1006491 
776131 777887 
725509 725551 
714868 714427 
0.294694
  [P=64][Grid=240] Running...
340161269 340216393 
31779930 31767417 
16249631 16237940 
11329029 11326290 
8745656 8743265 
3.013008
Iteration 2 of 5...
  [P=64][Grid=120] Running...
12110816 12130193 
1004882 1006491 
776131 777887 
725509 725551 
714868 714427 
0.295012
  [P=64][Grid=240] Running...
340161269 340216393 
31779930 31767417 
16249631 16237940 
11329029 11326290 
8745656 8743265 
2.987075
Iteration 3 of 5...
  [P=64][Grid=120] Running...
12110816 12130193 
1004882 1006491 
776131 777887 
725509 725551 
714868 714427 
0.295187
  [P=64][Grid=240] Running...
340161269 340216393 
31779930 31767417 
16249631 16237940 
11329029 11326290 
8745656 8743265 
3.022382
Iteration 4 of 5...
  [P=64][Grid=120] Running...
12110816 12130193 
1004882 1006491 
776131 777887 
725509 725551 
714868 714427 
0.293883
  [P=64][Grid=240] Running...
340161269 340216393 
31779930 31767417 
16249631 16237940 
11329029 11326290 
8745656 8743265 
2.931477
Iteration 5 of 5...
  [P=64][Grid=120] Running...
12110816 12130193 
1004882 1006491 
776131 777887 
725509 725551 
714868 714427 
0.294024
  [P=64][Grid=240] Running...
340161269 340216393 
31779930 31767417 
16249631 16237940 
11329029 11326290 
8745656 8743265 
2.984166
Experiment P=64 Complete.
