--------------------------------------------------------------------------
WARNING: There was an error initializing an OpenFabrics device.

  Local host:   rdcn32
  Local device: mlx5_0
--------------------------------------------------------------------------
[rdcn32:1363745] 95 more processes have sent help message help-mpi-btl-openib.txt / error in device init
[rdcn32:1363745] Set MCA parameter "orte_base_help_aggregate" to 0 to see all help / error messages
--------------------------------------------------------------------------
WARNING: There was an error initializing an OpenFabrics device.

  Local host:   rdcn32
  Local device: mlx5_0
--------------------------------------------------------------------------
[rdcn32:1363954] [[54074,0],0] ORTE_ERROR_LOG: Out of resource in file util/show_help.c at line 501
[rdcn32:1363954] 94 more processes have sent help message help-mpi-btl-openib.txt / error in device init
[rdcn32:1363954] Set MCA parameter "orte_base_help_aggregate" to 0 to see all help / error messages
--------------------------------------------------------------------------
WARNING: There was an error initializing an OpenFabrics device.

  Local host:   rdcn32
  Local device: mlx5_0
--------------------------------------------------------------------------
[rdcn32:1364160] 95 more processes have sent help message help-mpi-btl-openib.txt / error in device init
[rdcn32:1364160] Set MCA parameter "orte_base_help_aggregate" to 0 to see all help / error messages
--------------------------------------------------------------------------
WARNING: There was an error initializing an OpenFabrics device.

  Local host:   rdcn32
  Local device: mlx5_0
--------------------------------------------------------------------------
[rdcn32:1364366] 95 more processes have sent help message help-mpi-btl-openib.txt / error in device init
[rdcn32:1364366] Set MCA parameter "orte_base_help_aggregate" to 0 to see all help / error messages
--------------------------------------------------------------------------
WARNING: There was an error initializing an OpenFabrics device.

  Local host:   rdcn32
  Local device: mlx5_0
--------------------------------------------------------------------------
[rdcn32:1364572] [[52884,0],0] ORTE_ERROR_LOG: Out of resource in file util/show_help.c at line 501
[rdcn32:1364572] 94 more processes have sent help message help-mpi-btl-openib.txt / error in device init
[rdcn32:1364572] Set MCA parameter "orte_base_help_aggregate" to 0 to see all help / error messages
--------------------------------------------------------------------------
WARNING: There was an error initializing an OpenFabrics device.

  Local host:   rdcn32
  Local device: mlx5_0
--------------------------------------------------------------------------
[rdcn32:1364778] 95 more processes have sent help message help-mpi-btl-openib.txt / error in device init
[rdcn32:1364778] Set MCA parameter "orte_base_help_aggregate" to 0 to see all help / error messages
--------------------------------------------------------------------------
WARNING: There was an error initializing an OpenFabrics device.

  Local host:   rdcn32
  Local device: mlx5_0
--------------------------------------------------------------------------
[rdcn32:1364984] 95 more processes have sent help message help-mpi-btl-openib.txt / error in device init
[rdcn32:1364984] Set MCA parameter "orte_base_help_aggregate" to 0 to see all help / error messages
--------------------------------------------------------------------------
WARNING: There was an error initializing an OpenFabrics device.

  Local host:   rdcn32
  Local device: mlx5_0
--------------------------------------------------------------------------
[rdcn32:1365190] 95 more processes have sent help message help-mpi-btl-openib.txt / error in device init
[rdcn32:1365190] Set MCA parameter "orte_base_help_aggregate" to 0 to see all help / error messages
--------------------------------------------------------------------------
WARNING: There was an error initializing an OpenFabrics device.

  Local host:   rdcn32
  Local device: mlx5_0
--------------------------------------------------------------------------
[rdcn32:1365397] 95 more processes have sent help message help-mpi-btl-openib.txt / error in device init
[rdcn32:1365397] Set MCA parameter "orte_base_help_aggregate" to 0 to see all help / error messages
--------------------------------------------------------------------------
WARNING: There was an error initializing an OpenFabrics device.

  Local host:   rdcn32
  Local device: mlx5_0
--------------------------------------------------------------------------
[rdcn32:1365604] 95 more processes have sent help message help-mpi-btl-openib.txt / error in device init
[rdcn32:1365604] Set MCA parameter "orte_base_help_aggregate" to 0 to see all help / error messages
