--------------------------------------------------------------------------
WARNING: There was an error initializing an OpenFabrics device.

  Local host:   rdcn27
  Local device: mlx5_0
--------------------------------------------------------------------------
[rdcn27:1750212] 47 more processes have sent help message help-mpi-btl-openib.txt / error in device init
[rdcn27:1750212] Set MCA parameter "orte_base_help_aggregate" to 0 to see all help / error messages
--------------------------------------------------------------------------
WARNING: There was an error initializing an OpenFabrics device.

  Local host:   rdcn27
  Local device: mlx5_0
--------------------------------------------------------------------------
[rdcn27:1750415] 47 more processes have sent help message help-mpi-btl-openib.txt / error in device init
[rdcn27:1750415] Set MCA parameter "orte_base_help_aggregate" to 0 to see all help / error messages
--------------------------------------------------------------------------
WARNING: There was an error initializing an OpenFabrics device.

  Local host:   rdcn27
  Local device: mlx5_0
--------------------------------------------------------------------------
[rdcn27:1750616] 47 more processes have sent help message help-mpi-btl-openib.txt / error in device init
[rdcn27:1750616] Set MCA parameter "orte_base_help_aggregate" to 0 to see all help / error messages
--------------------------------------------------------------------------
WARNING: There was an error initializing an OpenFabrics device.

  Local host:   rdcn27
  Local device: mlx5_0
--------------------------------------------------------------------------
[rdcn27:1750816] 47 more processes have sent help message help-mpi-btl-openib.txt / error in device init
[rdcn27:1750816] Set MCA parameter "orte_base_help_aggregate" to 0 to see all help / error messages
--------------------------------------------------------------------------
WARNING: There was an error initializing an OpenFabrics device.

  Local host:   rdcn27
  Local device: mlx5_0
--------------------------------------------------------------------------
[rdcn27:1751016] 47 more processes have sent help message help-mpi-btl-openib.txt / error in device init
[rdcn27:1751016] Set MCA parameter "orte_base_help_aggregate" to 0 to see all help / error messages
--------------------------------------------------------------------------
WARNING: There was an error initializing an OpenFabrics device.

  Local host:   rdcn27
  Local device: mlx5_0
--------------------------------------------------------------------------
[rdcn27:1751216] 47 more processes have sent help message help-mpi-btl-openib.txt / error in device init
[rdcn27:1751216] Set MCA parameter "orte_base_help_aggregate" to 0 to see all help / error messages
--------------------------------------------------------------------------
WARNING: There was an error initializing an OpenFabrics device.

  Local host:   rdcn27
  Local device: mlx5_0
--------------------------------------------------------------------------
[rdcn27:1751416] 47 more processes have sent help message help-mpi-btl-openib.txt / error in device init
[rdcn27:1751416] Set MCA parameter "orte_base_help_aggregate" to 0 to see all help / error messages
--------------------------------------------------------------------------
WARNING: There was an error initializing an OpenFabrics device.

  Local host:   rdcn27
  Local device: mlx5_0
--------------------------------------------------------------------------
[rdcn27:1751617] 47 more processes have sent help message help-mpi-btl-openib.txt / error in device init
[rdcn27:1751617] Set MCA parameter "orte_base_help_aggregate" to 0 to see all help / error messages
--------------------------------------------------------------------------
WARNING: There was an error initializing an OpenFabrics device.

  Local host:   rdcn27
  Local device: mlx5_0
--------------------------------------------------------------------------
[rdcn27:1751818] 47 more processes have sent help message help-mpi-btl-openib.txt / error in device init
[rdcn27:1751818] Set MCA parameter "orte_base_help_aggregate" to 0 to see all help / error messages
--------------------------------------------------------------------------
WARNING: There was an error initializing an OpenFabrics device.

  Local host:   rdcn27
  Local device: mlx5_0
--------------------------------------------------------------------------
[rdcn27:1752018] 47 more processes have sent help message help-mpi-btl-openib.txt / error in device init
[rdcn27:1752018] Set MCA parameter "orte_base_help_aggregate" to 0 to see all help / error messages
