--------------------------------------------------------------------------
WARNING: There was an error initializing an OpenFabrics device.

  Local host:   rdcn32
  Local device: mlx5_0
--------------------------------------------------------------------------
[rdcn32:1378781] 95 more processes have sent help message help-mpi-btl-openib.txt / error in device init
[rdcn32:1378781] Set MCA parameter "orte_base_help_aggregate" to 0 to see all help / error messages
--------------------------------------------------------------------------
WARNING: There was an error initializing an OpenFabrics device.

  Local host:   rdcn32
  Local device: mlx5_0
--------------------------------------------------------------------------
[rdcn32:1378989] [[5732,0],0] ORTE_ERROR_LOG: Out of resource in file util/show_help.c at line 507
[rdcn32:1378989] 94 more processes have sent help message help-mpi-btl-openib.txt / error in device init
[rdcn32:1378989] Set MCA parameter "orte_base_help_aggregate" to 0 to see all help / error messages
--------------------------------------------------------------------------
WARNING: There was an error initializing an OpenFabrics device.

  Local host:   rdcn32
  Local device: mlx5_0
--------------------------------------------------------------------------
[rdcn32:1379195] 95 more processes have sent help message help-mpi-btl-openib.txt / error in device init
[rdcn32:1379195] Set MCA parameter "orte_base_help_aggregate" to 0 to see all help / error messages
--------------------------------------------------------------------------
WARNING: There was an error initializing an OpenFabrics device.

  Local host:   rdcn32
  Local device: mlx5_0
--------------------------------------------------------------------------
[rdcn32:1379401] 95 more processes have sent help message help-mpi-btl-openib.txt / error in device init
[rdcn32:1379401] Set MCA parameter "orte_base_help_aggregate" to 0 to see all help / error messages
--------------------------------------------------------------------------
WARNING: There was an error initializing an OpenFabrics device.

  Local host:   rdcn32
  Local device: mlx5_0
--------------------------------------------------------------------------
[rdcn32:1379607] 95 more processes have sent help message help-mpi-btl-openib.txt / error in device init
[rdcn32:1379607] Set MCA parameter "orte_base_help_aggregate" to 0 to see all help / error messages
--------------------------------------------------------------------------
WARNING: There was an error initializing an OpenFabrics device.

  Local host:   rdcn32
  Local device: mlx5_0
--------------------------------------------------------------------------
[rdcn32:1379814] 95 more processes have sent help message help-mpi-btl-openib.txt / error in device init
[rdcn32:1379814] Set MCA parameter "orte_base_help_aggregate" to 0 to see all help / error messages
--------------------------------------------------------------------------
WARNING: There was an error initializing an OpenFabrics device.

  Local host:   rdcn32
  Local device: mlx5_0
--------------------------------------------------------------------------
[rdcn32:1380020] 95 more processes have sent help message help-mpi-btl-openib.txt / error in device init
[rdcn32:1380020] Set MCA parameter "orte_base_help_aggregate" to 0 to see all help / error messages
--------------------------------------------------------------------------
WARNING: There was an error initializing an OpenFabrics device.

  Local host:   rdcn32
  Local device: mlx5_0
--------------------------------------------------------------------------
[rdcn32:1380227] 95 more processes have sent help message help-mpi-btl-openib.txt / error in device init
[rdcn32:1380227] Set MCA parameter "orte_base_help_aggregate" to 0 to see all help / error messages
--------------------------------------------------------------------------
WARNING: There was an error initializing an OpenFabrics device.

  Local host:   rdcn32
  Local device: mlx5_0
--------------------------------------------------------------------------
[rdcn32:1380433] 95 more processes have sent help message help-mpi-btl-openib.txt / error in device init
[rdcn32:1380433] Set MCA parameter "orte_base_help_aggregate" to 0 to see all help / error messages
--------------------------------------------------------------------------
WARNING: There was an error initializing an OpenFabrics device.

  Local host:   rdcn32
  Local device: mlx5_0
--------------------------------------------------------------------------
[rdcn32:1380639] [[3542,0],0] ORTE_ERROR_LOG: Data unpack had inadequate space in file util/show_help.c at line 507
[rdcn32:1380639] 94 more processes have sent help message help-mpi-btl-openib.txt / error in device init
[rdcn32:1380639] Set MCA parameter "orte_base_help_aggregate" to 0 to see all help / error messages
