--------------------------------------------------------------------------
WARNING: There was an error initializing an OpenFabrics device.

  Local host:   rdcn32
  Local device: mlx5_0
--------------------------------------------------------------------------
[rdcn32:1362269] 63 more processes have sent help message help-mpi-btl-openib.txt / error in device init
[rdcn32:1362269] Set MCA parameter "orte_base_help_aggregate" to 0 to see all help / error messages
--------------------------------------------------------------------------
WARNING: There was an error initializing an OpenFabrics device.

  Local host:   rdcn32
  Local device: mlx5_0
--------------------------------------------------------------------------
[rdcn32:1362412] 63 more processes have sent help message help-mpi-btl-openib.txt / error in device init
[rdcn32:1362412] Set MCA parameter "orte_base_help_aggregate" to 0 to see all help / error messages
--------------------------------------------------------------------------
WARNING: There was an error initializing an OpenFabrics device.

  Local host:   rdcn32
  Local device: mlx5_0
--------------------------------------------------------------------------
[rdcn32:1362555] 63 more processes have sent help message help-mpi-btl-openib.txt / error in device init
[rdcn32:1362555] Set MCA parameter "orte_base_help_aggregate" to 0 to see all help / error messages
--------------------------------------------------------------------------
WARNING: There was an error initializing an OpenFabrics device.

  Local host:   rdcn32
  Local device: mlx5_0
--------------------------------------------------------------------------
[rdcn32:1362697] 63 more processes have sent help message help-mpi-btl-openib.txt / error in device init
[rdcn32:1362697] Set MCA parameter "orte_base_help_aggregate" to 0 to see all help / error messages
--------------------------------------------------------------------------
WARNING: There was an error initializing an OpenFabrics device.

  Local host:   rdcn32
  Local device: mlx5_0
--------------------------------------------------------------------------
[rdcn32:1362839] 63 more processes have sent help message help-mpi-btl-openib.txt / error in device init
[rdcn32:1362839] Set MCA parameter "orte_base_help_aggregate" to 0 to see all help / error messages
--------------------------------------------------------------------------
WARNING: There was an error initializing an OpenFabrics device.

  Local host:   rdcn32
  Local device: mlx5_0
--------------------------------------------------------------------------
[rdcn32:1362981] 63 more processes have sent help message help-mpi-btl-openib.txt / error in device init
[rdcn32:1362981] Set MCA parameter "orte_base_help_aggregate" to 0 to see all help / error messages
--------------------------------------------------------------------------
WARNING: There was an error initializing an OpenFabrics device.

  Local host:   rdcn32
  Local device: mlx5_0
--------------------------------------------------------------------------
[rdcn32:1363123] 63 more processes have sent help message help-mpi-btl-openib.txt / error in device init
[rdcn32:1363123] Set MCA parameter "orte_base_help_aggregate" to 0 to see all help / error messages
--------------------------------------------------------------------------
WARNING: There was an error initializing an OpenFabrics device.

  Local host:   rdcn32
  Local device: mlx5_0
--------------------------------------------------------------------------
[rdcn32:1363265] 63 more processes have sent help message help-mpi-btl-openib.txt / error in device init
[rdcn32:1363265] Set MCA parameter "orte_base_help_aggregate" to 0 to see all help / error messages
--------------------------------------------------------------------------
WARNING: There was an error initializing an OpenFabrics device.

  Local host:   rdcn32
  Local device: mlx5_0
--------------------------------------------------------------------------
[rdcn32:1363407] 63 more processes have sent help message help-mpi-btl-openib.txt / error in device init
[rdcn32:1363407] Set MCA parameter "orte_base_help_aggregate" to 0 to see all help / error messages
--------------------------------------------------------------------------
WARNING: There was an error initializing an OpenFabrics device.

  Local host:   rdcn32
  Local device: mlx5_0
--------------------------------------------------------------------------
[rdcn32:1363549] 63 more processes have sent help message help-mpi-btl-openib.txt / error in device init
[rdcn32:1363549] Set MCA parameter "orte_base_help_aggregate" to 0 to see all help / error messages
