==========================================
SLURM_CLUSTER_NAME = paramrudra
SLURM_ARRAY_JOB_ID = 
SLURM_ARRAY_TASK_ID = 
SLURM_ARRAY_TASK_COUNT = 
SLURM_ARRAY_TASK_MAX = 
SLURM_ARRAY_TASK_MIN = 
SLURM_JOB_ACCOUNT = iitk
SLURM_JOB_ID = 19276
SLURM_JOB_NAME = bench_P96
SLURM_JOB_NODELIST = rdcn[32-33]
SLURM_JOB_USER = iitk_21
SLURM_JOB_UID = 55322
SLURM_JOB_PARTITION = cpu
SLURM_TASK_PID = 1363722
SLURM_SUBMIT_DIR = /home/iitk_21/bekar_chole_wale/Assignment-2
SLURM_CPUS_ON_NODE = 48
SLURM_NTASKS = 96
SLURM_TASK_PID = 1363722
==========================================
==========================================
Starting Experiment for P=96
Node Allocation: 2 nodes
==========================================
Iteration 1 of 5...
  [P=96][Grid=120] Running...
4411329 4412859 
1084257 1085196 
956215 956565 
943719 943641 
941149 941201 
0.351015
  [P=96][Grid=240] Running...
45037230 45026785 
18626032 18638705 
12292339 12290287 
9718249 9717577 
8370707 8366402 
2.972578
Iteration 2 of 5...
  [P=96][Grid=120] Running...
4411329 4412859 
1084257 1085196 
956215 956565 
943719 943641 
941149 941201 
0.328321
  [P=96][Grid=240] Running...
45037230 45026785 
18626032 18638705 
12292339 12290287 
9718249 9717577 
8370707 8366402 
2.970241
Iteration 3 of 5...
  [P=96][Grid=120] Running...
4411329 4412859 
1084257 1085196 
956215 956565 
943719 943641 
941149 941201 
0.327903
  [P=96][Grid=240] Running...
45037230 45026785 
18626032 18638705 
12292339 12290287 
9718249 9717577 
8370707 8366402 
2.990274
Iteration 4 of 5...
  [P=96][Grid=120] Running...
4411329 4412859 
1084257 1085196 
956215 956565 
943719 943641 
941149 941201 
0.328623
  [P=96][Grid=240] Running...
45037230 45026785 
18626032 18638705 
12292339 12290287 
9718249 9717577 
8370707 8366402 
2.974543
Iteration 5 of 5...
  [P=96][Grid=120] Running...
4411329 4412859 
1084257 1085196 
956215 956565 
943719 943641 
941149 941201 
0.337682
  [P=96][Grid=240] Running...
45037230 45026785 
18626032 18638705 
12292339 12290287 
9718249 9717577 
8370707 8366402 
2.976164
Experiment P=96 Complete.
