--------------------------------------------------------------------------
WARNING: There was an error initializing an OpenFabrics device.

  Local host:   rdcn32
  Local device: mlx5_0
--------------------------------------------------------------------------
[rdcn32:1377307] 63 more processes have sent help message help-mpi-btl-openib.txt / error in device init
[rdcn32:1377307] Set MCA parameter "orte_base_help_aggregate" to 0 to see all help / error messages
--------------------------------------------------------------------------
WARNING: There was an error initializing an OpenFabrics device.

  Local host:   rdcn32
  Local device: mlx5_0
--------------------------------------------------------------------------
[rdcn32:1377449] 63 more processes have sent help message help-mpi-btl-openib.txt / error in device init
[rdcn32:1377449] Set MCA parameter "orte_base_help_aggregate" to 0 to see all help / error messages
--------------------------------------------------------------------------
WARNING: There was an error initializing an OpenFabrics device.

  Local host:   rdcn32
  Local device: mlx5_0
--------------------------------------------------------------------------
[rdcn32:1377591] 63 more processes have sent help message help-mpi-btl-openib.txt / error in device init
[rdcn32:1377591] Set MCA parameter "orte_base_help_aggregate" to 0 to see all help / error messages
--------------------------------------------------------------------------
WARNING: There was an error initializing an OpenFabrics device.

  Local host:   rdcn32
  Local device: mlx5_0
--------------------------------------------------------------------------
[rdcn32:1377733] 63 more processes have sent help message help-mpi-btl-openib.txt / error in device init
[rdcn32:1377733] Set MCA parameter "orte_base_help_aggregate" to 0 to see all help / error messages
--------------------------------------------------------------------------
WARNING: There was an error initializing an OpenFabrics device.

  Local host:   rdcn32
  Local device: mlx5_0
--------------------------------------------------------------------------
[rdcn32:1377875] 63 more processes have sent help message help-mpi-btl-openib.txt / error in device init
[rdcn32:1377875] Set MCA parameter "orte_base_help_aggregate" to 0 to see all help / error messages
--------------------------------------------------------------------------
WARNING: There was an error initializing an OpenFabrics device.

  Local host:   rdcn32
  Local device: mlx5_0
--------------------------------------------------------------------------
[rdcn32:1378017] 63 more processes have sent help message help-mpi-btl-openib.txt / error in device init
[rdcn32:1378017] Set MCA parameter "orte_base_help_aggregate" to 0 to see all help / error messages
--------------------------------------------------------------------------
WARNING: There was an error initializing an OpenFabrics device.

  Local host:   rdcn32
  Local device: mlx5_0
--------------------------------------------------------------------------
[rdcn32:1378159] 63 more processes have sent help message help-mpi-btl-openib.txt / error in device init
[rdcn32:1378159] Set MCA parameter "orte_base_help_aggregate" to 0 to see all help / error messages
--------------------------------------------------------------------------
WARNING: There was an error initializing an OpenFabrics device.

  Local host:   rdcn32
  Local device: mlx5_0
--------------------------------------------------------------------------
[rdcn32:1378301] 63 more processes have sent help message help-mpi-btl-openib.txt / error in device init
[rdcn32:1378301] Set MCA parameter "orte_base_help_aggregate" to 0 to see all help / error messages
--------------------------------------------------------------------------
WARNING: There was an error initializing an OpenFabrics device.

  Local host:   rdcn32
  Local device: mlx5_0
--------------------------------------------------------------------------
[rdcn32:1378443] 63 more processes have sent help message help-mpi-btl-openib.txt / error in device init
[rdcn32:1378443] Set MCA parameter "orte_base_help_aggregate" to 0 to see all help / error messages
--------------------------------------------------------------------------
WARNING: There was an error initializing an OpenFabrics device.

  Local host:   rdcn32
  Local device: mlx5_0
--------------------------------------------------------------------------
[rdcn32:1378586] 63 more processes have sent help message help-mpi-btl-openib.txt / error in device init
[rdcn32:1378586] Set MCA parameter "orte_base_help_aggregate" to 0 to see all help / error messages
