--------------------------------------------------------------------------
WARNING: There was an error initializing an OpenFabrics device.

  Local host:   rdcn25
  Local device: mlx5_0
--------------------------------------------------------------------------
[rdcn25:3402388] 31 more processes have sent help message help-mpi-btl-openib.txt / error in device init
[rdcn25:3402388] Set MCA parameter "orte_base_help_aggregate" to 0 to see all help / error messages
--------------------------------------------------------------------------
WARNING: There was an error initializing an OpenFabrics device.

  Local host:   rdcn25
  Local device: mlx5_0
--------------------------------------------------------------------------
[rdcn25:3402527] 31 more processes have sent help message help-mpi-btl-openib.txt / error in device init
[rdcn25:3402527] Set MCA parameter "orte_base_help_aggregate" to 0 to see all help / error messages
--------------------------------------------------------------------------
WARNING: There was an error initializing an OpenFabrics device.

  Local host:   rdcn25
  Local device: mlx5_0
--------------------------------------------------------------------------
[rdcn25:3402664] 31 more processes have sent help message help-mpi-btl-openib.txt / error in device init
[rdcn25:3402664] Set MCA parameter "orte_base_help_aggregate" to 0 to see all help / error messages
--------------------------------------------------------------------------
WARNING: There was an error initializing an OpenFabrics device.

  Local host:   rdcn25
  Local device: mlx5_0
--------------------------------------------------------------------------
[rdcn25:3402800] 31 more processes have sent help message help-mpi-btl-openib.txt / error in device init
[rdcn25:3402800] Set MCA parameter "orte_base_help_aggregate" to 0 to see all help / error messages
--------------------------------------------------------------------------
WARNING: There was an error initializing an OpenFabrics device.

  Local host:   rdcn25
  Local device: mlx5_0
--------------------------------------------------------------------------
[rdcn25:3402936] 31 more processes have sent help message help-mpi-btl-openib.txt / error in device init
[rdcn25:3402936] Set MCA parameter "orte_base_help_aggregate" to 0 to see all help / error messages
--------------------------------------------------------------------------
WARNING: There was an error initializing an OpenFabrics device.

  Local host:   rdcn25
  Local device: mlx5_0
--------------------------------------------------------------------------
[rdcn25:3403072] 31 more processes have sent help message help-mpi-btl-openib.txt / error in device init
[rdcn25:3403072] Set MCA parameter "orte_base_help_aggregate" to 0 to see all help / error messages
--------------------------------------------------------------------------
WARNING: There was an error initializing an OpenFabrics device.

  Local host:   rdcn25
  Local device: mlx5_0
--------------------------------------------------------------------------
[rdcn25:3403208] 31 more processes have sent help message help-mpi-btl-openib.txt / error in device init
[rdcn25:3403208] Set MCA parameter "orte_base_help_aggregate" to 0 to see all help / error messages
--------------------------------------------------------------------------
WARNING: There was an error initializing an OpenFabrics device.

  Local host:   rdcn25
  Local device: mlx5_0
--------------------------------------------------------------------------
[rdcn25:3403344] 31 more processes have sent help message help-mpi-btl-openib.txt / error in device init
[rdcn25:3403344] Set MCA parameter "orte_base_help_aggregate" to 0 to see all help / error messages
--------------------------------------------------------------------------
WARNING: There was an error initializing an OpenFabrics device.

  Local host:   rdcn25
  Local device: mlx5_0
--------------------------------------------------------------------------
[rdcn25:3403481] 31 more processes have sent help message help-mpi-btl-openib.txt / error in device init
[rdcn25:3403481] Set MCA parameter "orte_base_help_aggregate" to 0 to see all help / error messages
--------------------------------------------------------------------------
WARNING: There was an error initializing an OpenFabrics device.

  Local host:   rdcn25
  Local device: mlx5_0
--------------------------------------------------------------------------
[rdcn25:3403617] 31 more processes have sent help message help-mpi-btl-openib.txt / error in device init
[rdcn25:3403617] Set MCA parameter "orte_base_help_aggregate" to 0 to see all help / error messages
