--------------------------------------------------------------------------
WARNING: There was an error initializing an OpenFabrics device.

  Local host:   rdcn30
  Local device: mlx5_0
--------------------------------------------------------------------------
[rdcn30:1067782] 95 more processes have sent help message help-mpi-btl-openib.txt / error in device init
[rdcn30:1067782] Set MCA parameter "orte_base_help_aggregate" to 0 to see all help / error messages
--------------------------------------------------------------------------
WARNING: There was an error initializing an OpenFabrics device.

  Local host:   rdcn30
  Local device: mlx5_0
--------------------------------------------------------------------------
[rdcn30:1067997] 95 more processes have sent help message help-mpi-btl-openib.txt / error in device init
[rdcn30:1067997] Set MCA parameter "orte_base_help_aggregate" to 0 to see all help / error messages
--------------------------------------------------------------------------
WARNING: There was an error initializing an OpenFabrics device.

  Local host:   rdcn30
  Local device: mlx5_0
--------------------------------------------------------------------------
[rdcn30:1068203] 95 more processes have sent help message help-mpi-btl-openib.txt / error in device init
[rdcn30:1068203] Set MCA parameter "orte_base_help_aggregate" to 0 to see all help / error messages
--------------------------------------------------------------------------
WARNING: There was an error initializing an OpenFabrics device.

  Local host:   rdcn30
  Local device: mlx5_0
--------------------------------------------------------------------------
[rdcn30:1068409] 95 more processes have sent help message help-mpi-btl-openib.txt / error in device init
[rdcn30:1068409] Set MCA parameter "orte_base_help_aggregate" to 0 to see all help / error messages
--------------------------------------------------------------------------
WARNING: There was an error initializing an OpenFabrics device.

  Local host:   rdcn30
  Local device: mlx5_0
--------------------------------------------------------------------------
[rdcn30:1068615] 95 more processes have sent help message help-mpi-btl-openib.txt / error in device init
[rdcn30:1068615] Set MCA parameter "orte_base_help_aggregate" to 0 to see all help / error messages
--------------------------------------------------------------------------
WARNING: There was an error initializing an OpenFabrics device.

  Local host:   rdcn30
  Local device: mlx5_0
--------------------------------------------------------------------------
[rdcn30:1068821] 95 more processes have sent help message help-mpi-btl-openib.txt / error in device init
[rdcn30:1068821] Set MCA parameter "orte_base_help_aggregate" to 0 to see all help / error messages
--------------------------------------------------------------------------
WARNING: There was an error initializing an OpenFabrics device.

  Local host:   rdcn30
  Local device: mlx5_0
--------------------------------------------------------------------------
[rdcn30:1069027] 95 more processes have sent help message help-mpi-btl-openib.txt / error in device init
[rdcn30:1069027] Set MCA parameter "orte_base_help_aggregate" to 0 to see all help / error messages
--------------------------------------------------------------------------
WARNING: There was an error initializing an OpenFabrics device.

  Local host:   rdcn30
  Local device: mlx5_0
--------------------------------------------------------------------------
[rdcn30:1069234] 95 more processes have sent help message help-mpi-btl-openib.txt / error in device init
[rdcn30:1069234] Set MCA parameter "orte_base_help_aggregate" to 0 to see all help / error messages
--------------------------------------------------------------------------
WARNING: There was an error initializing an OpenFabrics device.

  Local host:   rdcn30
  Local device: mlx5_0
--------------------------------------------------------------------------
[rdcn30:1069441] 95 more processes have sent help message help-mpi-btl-openib.txt / error in device init
[rdcn30:1069441] Set MCA parameter "orte_base_help_aggregate" to 0 to see all help / error messages
--------------------------------------------------------------------------
WARNING: There was an error initializing an OpenFabrics device.

  Local host:   rdcn30
  Local device: mlx5_0
--------------------------------------------------------------------------
[rdcn30:1069647] 95 more processes have sent help message help-mpi-btl-openib.txt / error in device init
[rdcn30:1069647] Set MCA parameter "orte_base_help_aggregate" to 0 to see all help / error messages
