--------------------------------------------------------------------------
WARNING: There was an error initializing an OpenFabrics device.

  Local host:   rdcn26
  Local device: mlx5_0
--------------------------------------------------------------------------
[rdcn25:2890032] 63 more processes have sent help message help-mpi-btl-openib.txt / error in device init
[rdcn25:2890032] Set MCA parameter "orte_base_help_aggregate" to 0 to see all help / error messages
--------------------------------------------------------------------------
WARNING: There was an error initializing an OpenFabrics device.

  Local host:   rdcn26
  Local device: mlx5_0
--------------------------------------------------------------------------
[rdcn25:2890177] 63 more processes have sent help message help-mpi-btl-openib.txt / error in device init
[rdcn25:2890177] Set MCA parameter "orte_base_help_aggregate" to 0 to see all help / error messages
--------------------------------------------------------------------------
WARNING: There was an error initializing an OpenFabrics device.

  Local host:   rdcn26
  Local device: mlx5_0
--------------------------------------------------------------------------
[rdcn25:2890320] 63 more processes have sent help message help-mpi-btl-openib.txt / error in device init
[rdcn25:2890320] Set MCA parameter "orte_base_help_aggregate" to 0 to see all help / error messages
--------------------------------------------------------------------------
WARNING: There was an error initializing an OpenFabrics device.

  Local host:   rdcn26
  Local device: mlx5_0
--------------------------------------------------------------------------
[rdcn25:2890463] 63 more processes have sent help message help-mpi-btl-openib.txt / error in device init
[rdcn25:2890463] Set MCA parameter "orte_base_help_aggregate" to 0 to see all help / error messages
--------------------------------------------------------------------------
WARNING: There was an error initializing an OpenFabrics device.

  Local host:   rdcn26
  Local device: mlx5_0
--------------------------------------------------------------------------
[rdcn25:2890606] 63 more processes have sent help message help-mpi-btl-openib.txt / error in device init
[rdcn25:2890606] Set MCA parameter "orte_base_help_aggregate" to 0 to see all help / error messages
--------------------------------------------------------------------------
WARNING: There was an error initializing an OpenFabrics device.

  Local host:   rdcn26
  Local device: mlx5_0
--------------------------------------------------------------------------
[rdcn25:2890749] 63 more processes have sent help message help-mpi-btl-openib.txt / error in device init
[rdcn25:2890749] Set MCA parameter "orte_base_help_aggregate" to 0 to see all help / error messages
--------------------------------------------------------------------------
WARNING: There was an error initializing an OpenFabrics device.

  Local host:   rdcn26
  Local device: mlx5_0
--------------------------------------------------------------------------
[rdcn25:2890892] [[39283,0],0] ORTE_ERROR_LOG: Data unpack would read past end of buffer in file util/show_help.c at line 501
[rdcn25:2890892] 62 more processes have sent help message help-mpi-btl-openib.txt / error in device init
[rdcn25:2890892] Set MCA parameter "orte_base_help_aggregate" to 0 to see all help / error messages
--------------------------------------------------------------------------
WARNING: There was an error initializing an OpenFabrics device.

  Local host:   rdcn26
  Local device: mlx5_0
--------------------------------------------------------------------------
[rdcn25:2891035] 63 more processes have sent help message help-mpi-btl-openib.txt / error in device init
[rdcn25:2891035] Set MCA parameter "orte_base_help_aggregate" to 0 to see all help / error messages
--------------------------------------------------------------------------
WARNING: There was an error initializing an OpenFabrics device.

  Local host:   rdcn26
  Local device: mlx5_0
--------------------------------------------------------------------------
[rdcn25:2891178] 63 more processes have sent help message help-mpi-btl-openib.txt / error in device init
[rdcn25:2891178] Set MCA parameter "orte_base_help_aggregate" to 0 to see all help / error messages
--------------------------------------------------------------------------
WARNING: There was an error initializing an OpenFabrics device.

  Local host:   rdcn26
  Local device: mlx5_0
--------------------------------------------------------------------------
[rdcn25:2891321] 63 more processes have sent help message help-mpi-btl-openib.txt / error in device init
[rdcn25:2891321] Set MCA parameter "orte_base_help_aggregate" to 0 to see all help / error messages
