==========================================
SLURM_CLUSTER_NAME = paramrudra
SLURM_ARRAY_JOB_ID = 
SLURM_ARRAY_TASK_ID = 
SLURM_ARRAY_TASK_COUNT = 
SLURM_ARRAY_TASK_MAX = 
SLURM_ARRAY_TASK_MIN = 
SLURM_JOB_ACCOUNT = iitk
SLURM_JOB_ID = 17020
SLURM_JOB_NAME = bench_P48
SLURM_JOB_NODELIST = rdcn26
SLURM_JOB_USER = iitk_21
SLURM_JOB_UID = 55322
SLURM_JOB_PARTITION = cpu
SLURM_TASK_PID = 2088387
SLURM_SUBMIT_DIR = /home/iitk_21/bekar_chole_wale/Assignment-2
SLURM_CPUS_ON_NODE = 48
SLURM_NTASKS = 48
SLURM_TASK_PID = 2088387
==========================================
==========================================
Starting Experiment for P=48
Node Allocation: 1 nodes
==========================================
Iteration 1 of 5...
  [P=48][Grid=120] Running...
11171945 11190338 
942222 943944 
713690 715424 
663084 663105 
652397 651978 
0.304473
  [P=48][Grid=240] Running...
294642797 294672111 
31585227 31573809 
16048740 16037402 
11119915 11115470 
8591488 8588416 
2.940142
Iteration 2 of 5...
  [P=48][Grid=120] Running...
11171945 11190338 
942222 943944 
713690 715424 
663084 663105 
652397 651978 
0.307339
  [P=48][Grid=240] Running...
294642797 294672111 
31585227 31573809 
16048740 16037402 
11119915 11115470 
8591488 8588416 
2.944980
Iteration 3 of 5...
  [P=48][Grid=120] Running...
11171945 11190338 
942222 943944 
713690 715424 
663084 663105 
652397 651978 
0.304912
  [P=48][Grid=240] Running...
294642797 294672111 
31585227 31573809 
16048740 16037402 
11119915 11115470 
8591488 8588416 
2.972885
Iteration 4 of 5...
  [P=48][Grid=120] Running...
11171945 11190338 
942222 943944 
713690 715424 
663084 663105 
652397 651978 
0.306061
  [P=48][Grid=240] Running...
294642797 294672111 
31585227 31573809 
16048740 16037402 
11119915 11115470 
8591488 8588416 
2.984959
Iteration 5 of 5...
  [P=48][Grid=120] Running...
11171945 11190338 
942222 943944 
713690 715424 
663084 663105 
652397 651978 
0.305322
  [P=48][Grid=240] Running...
294642797 294672111 
31585227 31573809 
16048740 16037402 
11119915 11115470 
8591488 8588416 
2.981191
Experiment P=48 Complete.
