--------------------------------------------------------------------------
WARNING: There was an error initializing an OpenFabrics device.

  Local host:   rdcn34
  Local device: mlx5_0
--------------------------------------------------------------------------
[rdcn34:1153585] [[48070,0],0] ORTE_ERROR_LOG: Out of resource in file util/show_help.c at line 501
[rdcn34:1153585] 62 more processes have sent help message help-mpi-btl-openib.txt / error in device init
[rdcn34:1153585] Set MCA parameter "orte_base_help_aggregate" to 0 to see all help / error messages
--------------------------------------------------------------------------
WARNING: There was an error initializing an OpenFabrics device.

  Local host:   rdcn34
  Local device: mlx5_0
--------------------------------------------------------------------------
[rdcn34:1153727] 63 more processes have sent help message help-mpi-btl-openib.txt / error in device init
[rdcn34:1153727] Set MCA parameter "orte_base_help_aggregate" to 0 to see all help / error messages
--------------------------------------------------------------------------
WARNING: There was an error initializing an OpenFabrics device.

  Local host:   rdcn34
  Local device: mlx5_0
--------------------------------------------------------------------------
[rdcn34:1153870] 63 more processes have sent help message help-mpi-btl-openib.txt / error in device init
[rdcn34:1153870] Set MCA parameter "orte_base_help_aggregate" to 0 to see all help / error messages
--------------------------------------------------------------------------
WARNING: There was an error initializing an OpenFabrics device.

  Local host:   rdcn34
  Local device: mlx5_0
--------------------------------------------------------------------------
[rdcn34:1154012] 63 more processes have sent help message help-mpi-btl-openib.txt / error in device init
[rdcn34:1154012] Set MCA parameter "orte_base_help_aggregate" to 0 to see all help / error messages
--------------------------------------------------------------------------
WARNING: There was an error initializing an OpenFabrics device.

  Local host:   rdcn34
  Local device: mlx5_0
--------------------------------------------------------------------------
[rdcn34:1154154] 63 more processes have sent help message help-mpi-btl-openib.txt / error in device init
[rdcn34:1154154] Set MCA parameter "orte_base_help_aggregate" to 0 to see all help / error messages
--------------------------------------------------------------------------
WARNING: There was an error initializing an OpenFabrics device.

  Local host:   rdcn34
  Local device: mlx5_0
--------------------------------------------------------------------------
[rdcn34:1154296] 63 more processes have sent help message help-mpi-btl-openib.txt / error in device init
[rdcn34:1154296] Set MCA parameter "orte_base_help_aggregate" to 0 to see all help / error messages
--------------------------------------------------------------------------
WARNING: There was an error initializing an OpenFabrics device.

  Local host:   rdcn34
  Local device: mlx5_0
--------------------------------------------------------------------------
[rdcn34:1154438] 63 more processes have sent help message help-mpi-btl-openib.txt / error in device init
[rdcn34:1154438] Set MCA parameter "orte_base_help_aggregate" to 0 to see all help / error messages
--------------------------------------------------------------------------
WARNING: There was an error initializing an OpenFabrics device.

  Local host:   rdcn34
  Local device: mlx5_0
--------------------------------------------------------------------------
[rdcn34:1154580] 63 more processes have sent help message help-mpi-btl-openib.txt / error in device init
[rdcn34:1154580] Set MCA parameter "orte_base_help_aggregate" to 0 to see all help / error messages
--------------------------------------------------------------------------
WARNING: There was an error initializing an OpenFabrics device.

  Local host:   rdcn34
  Local device: mlx5_0
--------------------------------------------------------------------------
[rdcn34:1154722] 63 more processes have sent help message help-mpi-btl-openib.txt / error in device init
[rdcn34:1154722] Set MCA parameter "orte_base_help_aggregate" to 0 to see all help / error messages
--------------------------------------------------------------------------
WARNING: There was an error initializing an OpenFabrics device.

  Local host:   rdcn34
  Local device: mlx5_0
--------------------------------------------------------------------------
[rdcn34:1154864] 63 more processes have sent help message help-mpi-btl-openib.txt / error in device init
[rdcn34:1154864] Set MCA parameter "orte_base_help_aggregate" to 0 to see all help / error messages
