==========================================
SLURM_CLUSTER_NAME = paramrudra
SLURM_ARRAY_JOB_ID = 
SLURM_ARRAY_TASK_ID = 
SLURM_ARRAY_TASK_COUNT = 
SLURM_ARRAY_TASK_MAX = 
SLURM_ARRAY_TASK_MIN = 
SLURM_JOB_ACCOUNT = iitk
SLURM_JOB_ID = 19202
SLURM_JOB_NAME = bench_P64
SLURM_JOB_NODELIST = rdcn[34-35]
SLURM_JOB_USER = iitk_21
SLURM_JOB_UID = 55322
SLURM_JOB_PARTITION = cpu
SLURM_TASK_PID = 1153562
SLURM_SUBMIT_DIR = /home/iitk_21/bekar_chole_wale/Assignment-2
SLURM_CPUS_ON_NODE = 32
SLURM_NTASKS = 64
SLURM_TASK_PID = 1153562
==========================================
==========================================
Starting Experiment for P=64
Node Allocation: 2 nodes
==========================================
Iteration 1 of 5...
  [P=64][Grid=120] Running...
12110816 12130193 
1004882 1006491 
776131 777887 
725509 725551 
714868 714427 
0.293390
  [P=64][Grid=240] Running...
340161269 340216393 
31779930 31767417 
16249631 16237940 
11329029 11326290 
8745656 8743265 
2.756526
Iteration 2 of 5...
  [P=64][Grid=120] Running...
12110816 12130193 
1004882 1006491 
776131 777887 
725509 725551 
714868 714427 
0.295202
  [P=64][Grid=240] Running...
340161269 340216393 
31779930 31767417 
16249631 16237940 
11329029 11326290 
8745656 8743265 
2.750369
Iteration 3 of 5...
  [P=64][Grid=120] Running...
12110816 12130193 
1004882 1006491 
776131 777887 
725509 725551 
714868 714427 
0.294522
  [P=64][Grid=240] Running...
340161269 340216393 
31779930 31767417 
16249631 16237940 
11329029 11326290 
8745656 8743265 
2.746093
Iteration 4 of 5...
  [P=64][Grid=120] Running...
12110816 12130193 
1004882 1006491 
776131 777887 
725509 725551 
714868 714427 
0.295126
  [P=64][Grid=240] Running...
340161269 340216393 
31779930 31767417 
16249631 16237940 
11329029 11326290 
8745656 8743265 
2.745742
Iteration 5 of 5...
  [P=64][Grid=120] Running...
12110816 12130193 
1004882 1006491 
776131 777887 
725509 725551 
714868 714427 
0.295717
  [P=64][Grid=240] Running...
340161269 340216393 
31779930 31767417 
16249631 16237940 
11329029 11326290 
8745656 8743265 
2.750177
Experiment P=64 Complete.
