--------------------------------------------------------------------------
WARNING: There was an error initializing an OpenFabrics device.

  Local host:   rdcn27
  Local device: mlx5_0
--------------------------------------------------------------------------
[rdcn27:1719087] 47 more processes have sent help message help-mpi-btl-openib.txt / error in device init
[rdcn27:1719087] Set MCA parameter "orte_base_help_aggregate" to 0 to see all help / error messages
--------------------------------------------------------------------------
WARNING: There was an error initializing an OpenFabrics device.

  Local host:   rdcn27
  Local device: mlx5_0
--------------------------------------------------------------------------
[rdcn27:1719288] 47 more processes have sent help message help-mpi-btl-openib.txt / error in device init
[rdcn27:1719288] Set MCA parameter "orte_base_help_aggregate" to 0 to see all help / error messages
--------------------------------------------------------------------------
WARNING: There was an error initializing an OpenFabrics device.

  Local host:   rdcn27
  Local device: mlx5_0
--------------------------------------------------------------------------
[rdcn27:1719489] 47 more processes have sent help message help-mpi-btl-openib.txt / error in device init
[rdcn27:1719489] Set MCA parameter "orte_base_help_aggregate" to 0 to see all help / error messages
--------------------------------------------------------------------------
WARNING: There was an error initializing an OpenFabrics device.

  Local host:   rdcn27
  Local device: mlx5_0
--------------------------------------------------------------------------
[rdcn27:1719689] 47 more processes have sent help message help-mpi-btl-openib.txt / error in device init
[rdcn27:1719689] Set MCA parameter "orte_base_help_aggregate" to 0 to see all help / error messages
--------------------------------------------------------------------------
WARNING: There was an error initializing an OpenFabrics device.

  Local host:   rdcn27
  Local device: mlx5_0
--------------------------------------------------------------------------
[rdcn27:1719889] 47 more processes have sent help message help-mpi-btl-openib.txt / error in device init
[rdcn27:1719889] Set MCA parameter "orte_base_help_aggregate" to 0 to see all help / error messages
--------------------------------------------------------------------------
WARNING: There was an error initializing an OpenFabrics device.

  Local host:   rdcn27
  Local device: mlx5_0
--------------------------------------------------------------------------
[rdcn27:1720089] 47 more processes have sent help message help-mpi-btl-openib.txt / error in device init
[rdcn27:1720089] Set MCA parameter "orte_base_help_aggregate" to 0 to see all help / error messages
--------------------------------------------------------------------------
WARNING: There was an error initializing an OpenFabrics device.

  Local host:   rdcn27
  Local device: mlx5_0
--------------------------------------------------------------------------
[rdcn27:1720290] 47 more processes have sent help message help-mpi-btl-openib.txt / error in device init
[rdcn27:1720290] Set MCA parameter "orte_base_help_aggregate" to 0 to see all help / error messages
--------------------------------------------------------------------------
WARNING: There was an error initializing an OpenFabrics device.

  Local host:   rdcn27
  Local device: mlx5_0
--------------------------------------------------------------------------
[rdcn27:1720490] 47 more processes have sent help message help-mpi-btl-openib.txt / error in device init
[rdcn27:1720490] Set MCA parameter "orte_base_help_aggregate" to 0 to see all help / error messages
--------------------------------------------------------------------------
WARNING: There was an error initializing an OpenFabrics device.

  Local host:   rdcn27
  Local device: mlx5_0
--------------------------------------------------------------------------
[rdcn27:1720690] 47 more processes have sent help message help-mpi-btl-openib.txt / error in device init
[rdcn27:1720690] Set MCA parameter "orte_base_help_aggregate" to 0 to see all help / error messages
--------------------------------------------------------------------------
WARNING: There was an error initializing an OpenFabrics device.

  Local host:   rdcn27
  Local device: mlx5_0
--------------------------------------------------------------------------
[rdcn27:1720890] [[23078,0],0] ORTE_ERROR_LOG: Data unpack would read past end of buffer in file util/show_help.c at line 501
[rdcn27:1720890] 46 more processes have sent help message help-mpi-btl-openib.txt / error in device init
[rdcn27:1720890] Set MCA parameter "orte_base_help_aggregate" to 0 to see all help / error messages
