==========================================
SLURM_CLUSTER_NAME = paramrudra
SLURM_ARRAY_JOB_ID = 
SLURM_ARRAY_TASK_ID = 
SLURM_ARRAY_TASK_COUNT = 
SLURM_ARRAY_TASK_MAX = 
SLURM_ARRAY_TASK_MIN = 
SLURM_JOB_ACCOUNT = iitk
SLURM_JOB_ID = 19195
SLURM_JOB_NAME = bench_P32
SLURM_JOB_NODELIST = rdcn25
SLURM_JOB_USER = iitk_21
SLURM_JOB_UID = 55322
SLURM_JOB_PARTITION = cpu
SLURM_TASK_PID = 3373895
SLURM_SUBMIT_DIR = /home/iitk_21/bekar_chole_wale/Assignment-2
SLURM_CPUS_ON_NODE = 32
SLURM_NTASKS = 32
SLURM_TASK_PID = 3373895
==========================================
==========================================
Starting Experiment for P=32
Node Allocation: 1 nodes
==========================================
Iteration 1 of 5...
  [P=32][Grid=120] Running...
9766815 9792141 
766850 768459 
538099 539855 
487477 487519 
476836 476395 
0.294812
  [P=32][Grid=240] Running...
233748605 233768396 
30849011 30836034 
15312829 15301184 
10392252 10389570 
7809277 7806967 
2.852488
Iteration 2 of 5...
  [P=32][Grid=120] Running...
9766815 9792141 
766850 768459 
538099 539855 
487477 487519 
476836 476395 
0.295991
  [P=32][Grid=240] Running...
233748605 233768396 
30849011 30836034 
15312829 15301184 
10392252 10389570 
7809277 7806967 
2.868737
Iteration 3 of 5...
  [P=32][Grid=120] Running...
9766815 9792141 
766850 768459 
538099 539855 
487477 487519 
476836 476395 
0.317683
  [P=32][Grid=240] Running...
233748605 233768396 
30849011 30836034 
15312829 15301184 
10392252 10389570 
7809277 7806967 
2.861546
Iteration 4 of 5...
  [P=32][Grid=120] Running...
9766815 9792141 
766850 768459 
538099 539855 
487477 487519 
476836 476395 
0.296953
  [P=32][Grid=240] Running...
233748605 233768396 
30849011 30836034 
15312829 15301184 
10392252 10389570 
7809277 7806967 
2.870800
Iteration 5 of 5...
  [P=32][Grid=120] Running...
9766815 9792141 
766850 768459 
538099 539855 
487477 487519 
476836 476395 
0.297040
  [P=32][Grid=240] Running...
233748605 233768396 
30849011 30836034 
15312829 15301184 
10392252 10389570 
7809277 7806967 
2.888623
Experiment P=32 Complete.
