--------------------------------------------------------------------------
WARNING: There was an error initializing an OpenFabrics device.

  Local host:   rdcn31
  Local device: mlx5_0
--------------------------------------------------------------------------
[rdcn30:1932414] 95 more processes have sent help message help-mpi-btl-openib.txt / error in device init
[rdcn30:1932414] Set MCA parameter "orte_base_help_aggregate" to 0 to see all help / error messages
--------------------------------------------------------------------------
WARNING: There was an error initializing an OpenFabrics device.

  Local host:   rdcn30
  Local device: mlx5_0
--------------------------------------------------------------------------
[rdcn30:1932621] 95 more processes have sent help message help-mpi-btl-openib.txt / error in device init
[rdcn30:1932621] Set MCA parameter "orte_base_help_aggregate" to 0 to see all help / error messages
--------------------------------------------------------------------------
WARNING: There was an error initializing an OpenFabrics device.

  Local host:   rdcn31
  Local device: mlx5_0
--------------------------------------------------------------------------
[rdcn30:1932827] 95 more processes have sent help message help-mpi-btl-openib.txt / error in device init
[rdcn30:1932827] Set MCA parameter "orte_base_help_aggregate" to 0 to see all help / error messages
--------------------------------------------------------------------------
WARNING: There was an error initializing an OpenFabrics device.

  Local host:   rdcn30
  Local device: mlx5_0
--------------------------------------------------------------------------
[rdcn30:1933033] 95 more processes have sent help message help-mpi-btl-openib.txt / error in device init
[rdcn30:1933033] Set MCA parameter "orte_base_help_aggregate" to 0 to see all help / error messages
--------------------------------------------------------------------------
WARNING: There was an error initializing an OpenFabrics device.

  Local host:   rdcn30
  Local device: mlx5_0
--------------------------------------------------------------------------
[rdcn30:1933239] 95 more processes have sent help message help-mpi-btl-openib.txt / error in device init
[rdcn30:1933239] Set MCA parameter "orte_base_help_aggregate" to 0 to see all help / error messages
--------------------------------------------------------------------------
WARNING: There was an error initializing an OpenFabrics device.

  Local host:   rdcn31
  Local device: mlx5_0
--------------------------------------------------------------------------
[rdcn30:1933446] 95 more processes have sent help message help-mpi-btl-openib.txt / error in device init
[rdcn30:1933446] Set MCA parameter "orte_base_help_aggregate" to 0 to see all help / error messages
--------------------------------------------------------------------------
WARNING: There was an error initializing an OpenFabrics device.

  Local host:   rdcn30
  Local device: mlx5_0
--------------------------------------------------------------------------
[rdcn30:1933652] 95 more processes have sent help message help-mpi-btl-openib.txt / error in device init
[rdcn30:1933652] Set MCA parameter "orte_base_help_aggregate" to 0 to see all help / error messages
--------------------------------------------------------------------------
WARNING: There was an error initializing an OpenFabrics device.

  Local host:   rdcn30
  Local device: mlx5_0
--------------------------------------------------------------------------
[rdcn30:1933859] 95 more processes have sent help message help-mpi-btl-openib.txt / error in device init
[rdcn30:1933859] Set MCA parameter "orte_base_help_aggregate" to 0 to see all help / error messages
--------------------------------------------------------------------------
WARNING: There was an error initializing an OpenFabrics device.

  Local host:   rdcn30
  Local device: mlx5_0
--------------------------------------------------------------------------
[rdcn30:1934065] 95 more processes have sent help message help-mpi-btl-openib.txt / error in device init
[rdcn30:1934065] Set MCA parameter "orte_base_help_aggregate" to 0 to see all help / error messages
--------------------------------------------------------------------------
WARNING: There was an error initializing an OpenFabrics device.

  Local host:   rdcn30
  Local device: mlx5_0
--------------------------------------------------------------------------
[rdcn30:1934272] 95 more processes have sent help message help-mpi-btl-openib.txt / error in device init
[rdcn30:1934272] Set MCA parameter "orte_base_help_aggregate" to 0 to see all help / error messages
