==========================================
SLURM_CLUSTER_NAME = paramrudra
SLURM_ARRAY_JOB_ID = 
SLURM_ARRAY_TASK_ID = 
SLURM_ARRAY_TASK_COUNT = 
SLURM_ARRAY_TASK_MAX = 
SLURM_ARRAY_TASK_MIN = 
SLURM_JOB_ACCOUNT = iitk
SLURM_JOB_ID = 19341
SLURM_JOB_NAME = bench_P64
SLURM_JOB_NODELIST = rdcn[32-33]
SLURM_JOB_USER = iitk_21
SLURM_JOB_UID = 55322
SLURM_JOB_PARTITION = cpu
SLURM_TASK_PID = 1377284
SLURM_SUBMIT_DIR = /home/iitk_21/bekar_chole_wale/Assignment-2
SLURM_CPUS_ON_NODE = 32
SLURM_NTASKS = 64
SLURM_TASK_PID = 1377284
==========================================
==========================================
Starting Experiment for P=64
Node Allocation: 2 nodes
==========================================
Iteration 1 of 5...
  [P=64][Grid=120] Running...
1003794 1005358 
759975 761625 
705965 706291 
694082 693962 
691662 691706 
0.310719
  [P=64][Grid=240] Running...
35580892 35572811 
18051393 18041269 
12139906 12139172 
9089351 9086388 
7538849 7530859 
2.558982
Iteration 2 of 5...
  [P=64][Grid=120] Running...
1003794 1005358 
759975 761625 
705965 706291 
694082 693962 
691662 691706 
0.310269
  [P=64][Grid=240] Running...
35580892 35572811 
18051393 18041269 
12139906 12139172 
9089351 9086388 
7538849 7530859 
2.556734
Iteration 3 of 5...
  [P=64][Grid=120] Running...
1003794 1005358 
759975 761625 
705965 706291 
694082 693962 
691662 691706 
0.310548
  [P=64][Grid=240] Running...
35580892 35572811 
18051393 18041269 
12139906 12139172 
9089351 9086388 
7538849 7530859 
2.569651
Iteration 4 of 5...
  [P=64][Grid=120] Running...
1003794 1005358 
759975 761625 
705965 706291 
694082 693962 
691662 691706 
0.311327
  [P=64][Grid=240] Running...
35580892 35572811 
18051393 18041269 
12139906 12139172 
9089351 9086388 
7538849 7530859 
2.568102
Iteration 5 of 5...
  [P=64][Grid=120] Running...
1003794 1005358 
759975 761625 
705965 706291 
694082 693962 
691662 691706 
0.311673
  [P=64][Grid=240] Running...
35580892 35572811 
18051393 18041269 
12139906 12139172 
9089351 9086388 
7538849 7530859 
2.562984
Experiment P=64 Complete.
