==========================================
SLURM_CLUSTER_NAME = paramrudra
SLURM_ARRAY_JOB_ID = 
SLURM_ARRAY_TASK_ID = 
SLURM_ARRAY_TASK_COUNT = 
SLURM_ARRAY_TASK_MAX = 
SLURM_ARRAY_TASK_MIN = 
SLURM_JOB_ACCOUNT = iitk
SLURM_JOB_ID = 19342
SLURM_JOB_NAME = bench_P96
SLURM_JOB_NODELIST = rdcn[32-33]
SLURM_JOB_USER = iitk_21
SLURM_JOB_UID = 55322
SLURM_JOB_PARTITION = cpu
SLURM_TASK_PID = 1378758
SLURM_SUBMIT_DIR = /home/iitk_21/bekar_chole_wale/Assignment-2
SLURM_CPUS_ON_NODE = 48
SLURM_NTASKS = 96
SLURM_TASK_PID = 1378758
==========================================
==========================================
Starting Experiment for P=96
Node Allocation: 2 nodes
==========================================
Iteration 1 of 5...
  [P=96][Grid=120] Running...
1233920 1235600 
990323 991935 
936317 936641 
924440 924328 
922032 922076 
0.324966
  [P=96][Grid=240] Running...
36550995 36543849 
19005567 18995744 
13070335 13069159 
10077332 10074485 
8526893 8522666 
2.577298
Iteration 2 of 5...
  [P=96][Grid=120] Running...
1233920 1235600 
990323 991935 
936317 936641 
924440 924328 
922032 922076 
0.324048
  [P=96][Grid=240] Running...
36550995 36543849 
19005567 18995744 
13070335 13069159 
10077332 10074485 
8526893 8522666 
2.592596
Iteration 3 of 5...
  [P=96][Grid=120] Running...
1233920 1235600 
990323 991935 
936317 936641 
924440 924328 
922032 922076 
0.321586
  [P=96][Grid=240] Running...
36550995 36543849 
19005567 18995744 
13070335 13069159 
10077332 10074485 
8526893 8522666 
2.573855
Iteration 4 of 5...
  [P=96][Grid=120] Running...
1233920 1235600 
990323 991935 
936317 936641 
924440 924328 
922032 922076 
0.325786
  [P=96][Grid=240] Running...
36550995 36543849 
19005567 18995744 
13070335 13069159 
10077332 10074485 
8526893 8522666 
2.572369
Iteration 5 of 5...
  [P=96][Grid=120] Running...
1233920 1235600 
990323 991935 
936317 936641 
924440 924328 
922032 922076 
0.323346
  [P=96][Grid=240] Running...
36550995 36543849 
19005567 18995744 
13070335 13069159 
10077332 10074485 
8526893 8522666 
2.566895
Experiment P=96 Complete.
