==========================================
SLURM_CLUSTER_NAME = paramrudra
SLURM_ARRAY_JOB_ID = 
SLURM_ARRAY_TASK_ID = 
SLURM_ARRAY_TASK_COUNT = 
SLURM_ARRAY_TASK_MAX = 
SLURM_ARRAY_TASK_MIN = 
SLURM_JOB_ACCOUNT = iitk
SLURM_JOB_ID = 19338
SLURM_JOB_NAME = bench_P32
SLURM_JOB_NODELIST = rdcn25
SLURM_JOB_USER = iitk_21
SLURM_JOB_UID = 55322
SLURM_JOB_PARTITION = cpu
SLURM_TASK_PID = 3402365
SLURM_SUBMIT_DIR = /home/iitk_21/bekar_chole_wale/Assignment-2
SLURM_CPUS_ON_NODE = 32
SLURM_NTASKS = 32
SLURM_TASK_PID = 3402365
==========================================
==========================================
Starting Experiment for P=32
Node Allocation: 1 nodes
==========================================
Iteration 1 of 5...
  [P=32][Grid=120] Running...
773394 774958 
529575 531225 
475565 475891 
463682 463562 
461262 461306 
0.312154
  [P=32][Grid=240] Running...
34661456 34653232 
17129793 17119669 
11218306 11217572 
8167751 8164788 
6617249 6609259 
2.579642
Iteration 2 of 5...
  [P=32][Grid=120] Running...
773394 774958 
529575 531225 
475565 475891 
463682 463562 
461262 461306 
0.312062
  [P=32][Grid=240] Running...
34661456 34653232 
17129793 17119669 
11218306 11217572 
8167751 8164788 
6617249 6609259 
2.589721
Iteration 3 of 5...
  [P=32][Grid=120] Running...
773394 774958 
529575 531225 
475565 475891 
463682 463562 
461262 461306 
0.312436
  [P=32][Grid=240] Running...
34661456 34653232 
17129793 17119669 
11218306 11217572 
8167751 8164788 
6617249 6609259 
2.603955
Iteration 4 of 5...
  [P=32][Grid=120] Running...
773394 774958 
529575 531225 
475565 475891 
463682 463562 
461262 461306 
0.312070
  [P=32][Grid=240] Running...
34661456 34653232 
17129793 17119669 
11218306 11217572 
8167751 8164788 
6617249 6609259 
2.590127
Iteration 5 of 5...
  [P=32][Grid=120] Running...
773394 774958 
529575 531225 
475565 475891 
463682 463562 
461262 461306 
0.312997
  [P=32][Grid=240] Running...
34661456 34653232 
17129793 17119669 
11218306 11217572 
8167751 8164788 
6617249 6609259 
2.593110
Experiment P=32 Complete.
