==========================================
SLURM_CLUSTER_NAME = paramrudra
SLURM_ARRAY_JOB_ID = 
SLURM_ARRAY_TASK_ID = 
SLURM_ARRAY_TASK_COUNT = 
SLURM_ARRAY_TASK_MAX = 
SLURM_ARRAY_TASK_MIN = 
SLURM_JOB_ACCOUNT = iitk
SLURM_JOB_ID = 19340
SLURM_JOB_NAME = bench_P48
SLURM_JOB_NODELIST = rdcn27
SLURM_JOB_USER = iitk_21
SLURM_JOB_UID = 55322
SLURM_JOB_PARTITION = cpu
SLURM_TASK_PID = 1750188
SLURM_SUBMIT_DIR = /home/iitk_21/bekar_chole_wale/Assignment-2
SLURM_CPUS_ON_NODE = 48
SLURM_NTASKS = 48
SLURM_TASK_PID = 1750188
==========================================
==========================================
Starting Experiment for P=48
Node Allocation: 1 nodes
==========================================
Iteration 1 of 5...
  [P=48][Grid=120] Running...
945920 947600 
702323 703935 
648317 648641 
636440 636328 
634032 634076 
0.314334
  [P=48][Grid=240] Running...
35399257 35392061 
17853567 17843744 
11918335 11917159 
8925332 8922485 
7374893 7370666 
2.562062
Iteration 2 of 5...
  [P=48][Grid=120] Running...
945920 947600 
702323 703935 
648317 648641 
636440 636328 
634032 634076 
0.315050
  [P=48][Grid=240] Running...
35399257 35392061 
17853567 17843744 
11918335 11917159 
8925332 8922485 
7374893 7370666 
2.575325
Iteration 3 of 5...
  [P=48][Grid=120] Running...
945920 947600 
702323 703935 
648317 648641 
636440 636328 
634032 634076 
0.315425
  [P=48][Grid=240] Running...
35399257 35392061 
17853567 17843744 
11918335 11917159 
8925332 8922485 
7374893 7370666 
2.574730
Iteration 4 of 5...
  [P=48][Grid=120] Running...
945920 947600 
702323 703935 
648317 648641 
636440 636328 
634032 634076 
0.317775
  [P=48][Grid=240] Running...
35399257 35392061 
17853567 17843744 
11918335 11917159 
8925332 8922485 
7374893 7370666 
2.588488
Iteration 5 of 5...
  [P=48][Grid=120] Running...
945920 947600 
702323 703935 
648317 648641 
636440 636328 
634032 634076 
0.317313
  [P=48][Grid=240] Running...
35399257 35392061 
17853567 17843744 
11918335 11917159 
8925332 8922485 
7374893 7370666 
2.591811
Experiment P=48 Complete.
