==========================================
SLURM_CLUSTER_NAME = paramrudra
SLURM_ARRAY_JOB_ID = 
SLURM_ARRAY_TASK_ID = 
SLURM_ARRAY_TASK_COUNT = 
SLURM_ARRAY_TASK_MAX = 
SLURM_ARRAY_TASK_MIN = 
SLURM_JOB_ACCOUNT = iitk
SLURM_JOB_ID = 1858
SLURM_JOB_NAME = bench_P32
SLURM_JOB_NODELIST = rdcn[29-30]
SLURM_JOB_USER = iitk_21
SLURM_JOB_UID = 55322
SLURM_JOB_PARTITION = cpu
SLURM_TASK_PID = 205551
SLURM_SUBMIT_DIR = /home/iitk_21/bekar_chole_wale
SLURM_CPUS_ON_NODE = 16
SLURM_NTASKS = 32
SLURM_TASK_PID = 205551
==========================================
==========================================
Starting Experiment for P=32
Node Allocation: 2 nodes
==========================================
Iteration 1 of 5...
  [P=32][M=262144] Running...
9987204096.000000 14.163601 0.316184
  [P=32][M=1048576] Running...
9987204096.000000 14.163601 0.571156
Iteration 2 of 5...
  [P=32][M=262144] Running...
9987204096.000000 14.163601 0.246496
  [P=32][M=1048576] Running...
9987204096.000000 14.163601 0.574702
Iteration 3 of 5...
  [P=32][M=262144] Running...
9987204096.000000 14.163601 0.308511
  [P=32][M=1048576] Running...
9987204096.000000 14.163601 0.597964
Iteration 4 of 5...
  [P=32][M=262144] Running...
9987204096.000000 14.163601 0.303845
  [P=32][M=1048576] Running...
9987204096.000000 14.163601 0.604542
Iteration 5 of 5...
  [P=32][M=262144] Running...
9987204096.000000 14.163601 0.314707
  [P=32][M=1048576] Running...
9987204096.000000 14.163601 0.595990
Experiment P=32 Complete.
