==========================================
SLURM_CLUSTER_NAME = paramrudra
SLURM_ARRAY_JOB_ID = 
SLURM_ARRAY_TASK_ID = 
SLURM_ARRAY_TASK_COUNT = 
SLURM_ARRAY_TASK_MAX = 
SLURM_ARRAY_TASK_MIN = 
SLURM_JOB_ACCOUNT = iitk
SLURM_JOB_ID = 3258
SLURM_JOB_NAME = bench_P32
SLURM_JOB_NODELIST = rdcn[25-26]
SLURM_JOB_USER = iitk_21
SLURM_JOB_UID = 55322
SLURM_JOB_PARTITION = cpu
SLURM_TASK_PID = 925160
SLURM_SUBMIT_DIR = /home/iitk_21/bekar_chole_wale/Assignment-1
SLURM_CPUS_ON_NODE = 16
SLURM_NTASKS = 32
SLURM_TASK_PID = 925160
==========================================
==========================================
Starting Experiment for P=32
Node Allocation: 2 nodes
==========================================
Iteration 1 of 5...
  [P=32][M=262144] Running...
9987204096.000000 14.163601 0.211518
  [P=32][M=1048576] Running...
9987204096.000000 14.163601 0.649680
Iteration 2 of 5...
  [P=32][M=262144] Running...
9987204096.000000 14.163601 0.310072
  [P=32][M=1048576] Running...
9987204096.000000 14.163601 0.495377
Iteration 3 of 5...
  [P=32][M=262144] Running...
9987204096.000000 14.163601 0.307246
  [P=32][M=1048576] Running...
9987204096.000000 14.163601 0.443558
Iteration 4 of 5...
  [P=32][M=262144] Running...
9987204096.000000 14.163601 0.324478
  [P=32][M=1048576] Running...
9987204096.000000 14.163601 0.493689
Iteration 5 of 5...
  [P=32][M=262144] Running...
9987204096.000000 14.163601 0.327713
  [P=32][M=1048576] Running...
9987204096.000000 14.163601 0.616157
Experiment P=32 Complete.
