==========================================
SLURM_CLUSTER_NAME = paramrudra
SLURM_ARRAY_JOB_ID = 
SLURM_ARRAY_TASK_ID = 
SLURM_ARRAY_TASK_COUNT = 
SLURM_ARRAY_TASK_MAX = 
SLURM_ARRAY_TASK_MIN = 
SLURM_JOB_ACCOUNT = iitk
SLURM_JOB_ID = 3256
SLURM_JOB_NAME = bench_P32
SLURM_JOB_NODELIST = rdcn[25-26]
SLURM_JOB_USER = iitk_21
SLURM_JOB_UID = 55322
SLURM_JOB_PARTITION = cpu
SLURM_TASK_PID = 923575
SLURM_SUBMIT_DIR = /home/iitk_21/bekar_chole_wale/Assignment-1
SLURM_CPUS_ON_NODE = 16
SLURM_NTASKS = 32
SLURM_TASK_PID = 923575
==========================================
==========================================
Starting Experiment for P=32
Node Allocation: 2 nodes
==========================================
Iteration 1 of 5...
  [P=32][M=262144] Running...
9987204096.000000 14.163601 0.337480
  [P=32][M=1048576] Running...
9987204096.000000 14.163601 0.488778
Iteration 2 of 5...
  [P=32][M=262144] Running...
9987204096.000000 14.163601 0.248483
  [P=32][M=1048576] Running...
9987204096.000000 14.163601 0.463812
Iteration 3 of 5...
  [P=32][M=262144] Running...
9987204096.000000 14.163601 0.299430
  [P=32][M=1048576] Running...
9987204096.000000 14.163601 0.534264
Iteration 4 of 5...
  [P=32][M=262144] Running...
9987204096.000000 14.163601 0.331694
  [P=32][M=1048576] Running...
9987204096.000000 14.163601 0.479368
Iteration 5 of 5...
  [P=32][M=262144] Running...
9987204096.000000 14.163601 0.334867
  [P=32][M=1048576] Running...
9987204096.000000 14.163601 0.517329
Experiment P=32 Complete.
