==========================================
SLURM_CLUSTER_NAME = paramrudra
SLURM_ARRAY_JOB_ID = 
SLURM_ARRAY_TASK_ID = 
SLURM_ARRAY_TASK_COUNT = 
SLURM_ARRAY_TASK_MAX = 
SLURM_ARRAY_TASK_MIN = 
SLURM_JOB_ACCOUNT = iitk
SLURM_JOB_ID = 2586
SLURM_JOB_NAME = bench_P32
SLURM_JOB_NODELIST = rdcn[23,25]
SLURM_JOB_USER = iitk_21
SLURM_JOB_UID = 55322
SLURM_JOB_PARTITION = cpu
SLURM_TASK_PID = 1217736
SLURM_SUBMIT_DIR = /home/iitk_21/bekar_chole_wale
SLURM_CPUS_ON_NODE = 16
SLURM_NTASKS = 32
SLURM_TASK_PID = 1217736
==========================================
==========================================
Starting Experiment for P=32
Node Allocation: 2 nodes
==========================================
Iteration 1 of 5...
  [P=32][M=262144] Running...
9987204096.000000 14.163601 0.327673
  [P=32][M=1048576] Running...
9987204096.000000 14.163601 0.582648
Iteration 2 of 5...
  [P=32][M=262144] Running...
9987204096.000000 14.163601 0.178214
  [P=32][M=1048576] Running...
9987204096.000000 14.163601 0.480646
Iteration 3 of 5...
  [P=32][M=262144] Running...
9987204096.000000 14.163601 0.322158
  [P=32][M=1048576] Running...
9987204096.000000 14.163601 0.472496
Iteration 4 of 5...
  [P=32][M=262144] Running...
9987204096.000000 14.163601 0.267845
  [P=32][M=1048576] Running...
9987204096.000000 14.163601 0.477742
Iteration 5 of 5...
  [P=32][M=262144] Running...
9987204096.000000 14.163601 0.195229
  [P=32][M=1048576] Running...
9987204096.000000 14.163601 0.488957
Experiment P=32 Complete.
