==========================================
SLURM_CLUSTER_NAME = paramrudra
SLURM_ARRAY_JOB_ID = 
SLURM_ARRAY_TASK_ID = 
SLURM_ARRAY_TASK_COUNT = 
SLURM_ARRAY_TASK_MAX = 
SLURM_ARRAY_TASK_MIN = 
SLURM_JOB_ACCOUNT = iitk
SLURM_JOB_ID = 2585
SLURM_JOB_NAME = bench_P16
SLURM_JOB_NODELIST = rdcn23
SLURM_JOB_USER = iitk_21
SLURM_JOB_UID = 55322
SLURM_JOB_PARTITION = cpu
SLURM_TASK_PID = 1217274
SLURM_SUBMIT_DIR = /home/iitk_21/bekar_chole_wale
SLURM_CPUS_ON_NODE = 16
SLURM_NTASKS = 16
SLURM_TASK_PID = 1217274
==========================================
==========================================
Starting Experiment for P=16
Node Allocation: 1 nodes
==========================================
Iteration 1 of 5...
  [P=16][M=262144] Running...
9987204096.000000 14.163601 0.098562
  [P=16][M=1048576] Running...
9987204096.000000 14.163601 0.359625
Iteration 2 of 5...
  [P=16][M=262144] Running...
9987204096.000000 14.163601 0.086802
  [P=16][M=1048576] Running...
9987204096.000000 14.163601 0.352171
Iteration 3 of 5...
  [P=16][M=262144] Running...
9987204096.000000 14.163601 0.087322
  [P=16][M=1048576] Running...
9987204096.000000 14.163601 0.365001
Iteration 4 of 5...
  [P=16][M=262144] Running...
9987204096.000000 14.163601 0.100420
  [P=16][M=1048576] Running...
9987204096.000000 14.163601 0.392079
Iteration 5 of 5...
  [P=16][M=262144] Running...
9987204096.000000 14.163601 0.089478
  [P=16][M=1048576] Running...
9987204096.000000 14.163601 0.373355
Experiment P=16 Complete.
