==========================================
SLURM_CLUSTER_NAME = paramrudra
SLURM_ARRAY_JOB_ID = 
SLURM_ARRAY_TASK_ID = 
SLURM_ARRAY_TASK_COUNT = 
SLURM_ARRAY_TASK_MAX = 
SLURM_ARRAY_TASK_MIN = 
SLURM_JOB_ACCOUNT = iitk
SLURM_JOB_ID = 3257
SLURM_JOB_NAME = bench_P32
SLURM_JOB_NODELIST = rdcn[25-26]
SLURM_JOB_USER = iitk_21
SLURM_JOB_UID = 55322
SLURM_JOB_PARTITION = cpu
SLURM_TASK_PID = 924370
SLURM_SUBMIT_DIR = /home/iitk_21/bekar_chole_wale/Assignment-1
SLURM_CPUS_ON_NODE = 16
SLURM_NTASKS = 32
SLURM_TASK_PID = 924370
==========================================
==========================================
Starting Experiment for P=32
Node Allocation: 2 nodes
==========================================
Iteration 1 of 5...
  [P=32][M=262144] Running...
9987204096.000000 14.163601 0.249296
  [P=32][M=1048576] Running...
9987204096.000000 14.163601 0.515233
Iteration 2 of 5...
  [P=32][M=262144] Running...
9987204096.000000 14.163601 0.232403
  [P=32][M=1048576] Running...
9987204096.000000 14.163601 0.517337
Iteration 3 of 5...
  [P=32][M=262144] Running...
9987204096.000000 14.163601 0.240503
  [P=32][M=1048576] Running...
9987204096.000000 14.163601 0.515047
Iteration 4 of 5...
  [P=32][M=262144] Running...
9987204096.000000 14.163601 0.285016
  [P=32][M=1048576] Running...
9987204096.000000 14.163601 0.592127
Iteration 5 of 5...
  [P=32][M=262144] Running...
9987204096.000000 14.163601 0.292109
  [P=32][M=1048576] Running...
9987204096.000000 14.163601 0.469478
Experiment P=32 Complete.
